Component: ARM Compiler 5.06 update 1 (build 61) Tool: armlink [4d35a8]

==============================================================================

Section Cross References

    stm32f1xx_hal_rcc.o(i.HAL_RCC_ClockConfig) refers to stm32f1xx_hal.o(i.HAL_GetTick) for HAL_GetTick
    stm32f1xx_hal_rcc.o(i.HAL_RCC_ClockConfig) refers to stm32f1xx_hal_rcc.o(i.HAL_RCC_GetSysClockFreq) for HAL_RCC_GetSysClockFreq
    stm32f1xx_hal_rcc.o(i.HAL_RCC_ClockConfig) refers to stm32f1xx_hal.o(i.HAL_InitTick) for HAL_InitTick
    stm32f1xx_hal_rcc.o(i.HAL_RCC_ClockConfig) refers to system_stm32f1xx.o(.constdata) for AHBPrescTable
    stm32f1xx_hal_rcc.o(i.HAL_RCC_ClockConfig) refers to system_stm32f1xx.o(.data) for SystemCoreClock
    stm32f1xx_hal_rcc.o(i.HAL_RCC_DeInit) refers to system_stm32f1xx.o(.data) for SystemCoreClock
    stm32f1xx_hal_rcc.o(i.HAL_RCC_GetHCLKFreq) refers to system_stm32f1xx.o(.data) for SystemCoreClock
    stm32f1xx_hal_rcc.o(i.HAL_RCC_GetPCLK1Freq) refers to system_stm32f1xx.o(.data) for SystemCoreClock
    stm32f1xx_hal_rcc.o(i.HAL_RCC_GetPCLK1Freq) refers to system_stm32f1xx.o(.constdata) for APBPrescTable
    stm32f1xx_hal_rcc.o(i.HAL_RCC_GetPCLK2Freq) refers to system_stm32f1xx.o(.data) for SystemCoreClock
    stm32f1xx_hal_rcc.o(i.HAL_RCC_GetPCLK2Freq) refers to system_stm32f1xx.o(.constdata) for APBPrescTable
    stm32f1xx_hal_rcc.o(i.HAL_RCC_MCOConfig) refers to stm32f1xx_hal_gpio.o(i.HAL_GPIO_Init) for HAL_GPIO_Init
    stm32f1xx_hal_rcc.o(i.HAL_RCC_NMI_IRQHandler) refers to stm32f1xx_hal_rcc.o(i.HAL_RCC_CSSCallback) for HAL_RCC_CSSCallback
    stm32f1xx_hal_rcc.o(i.HAL_RCC_OscConfig) refers to stm32f1xx_hal.o(i.HAL_GetTick) for HAL_GetTick
    stm32f1xx_hal_rcc.o(i.HAL_RCC_OscConfig) refers to stm32f1xx_hal.o(i.HAL_Delay) for HAL_Delay
    stm32f1xx_hal_flash.o(i.FLASH_Program_HalfWord) refers to stm32f1xx_hal_flash.o(.bss) for .bss
    stm32f1xx_hal_flash.o(i.FLASH_SetErrorCode) refers to stm32f1xx_hal_flash.o(.bss) for .bss
    stm32f1xx_hal_flash.o(i.FLASH_WaitForLastOperation) refers to stm32f1xx_hal.o(i.HAL_GetTick) for HAL_GetTick
    stm32f1xx_hal_flash.o(i.FLASH_WaitForLastOperation) refers to stm32f1xx_hal_flash.o(i.FLASH_SetErrorCode) for FLASH_SetErrorCode
    stm32f1xx_hal_flash.o(i.HAL_FLASH_GetError) refers to stm32f1xx_hal_flash.o(.bss) for .bss
    stm32f1xx_hal_flash.o(i.HAL_FLASH_IRQHandler) refers to stm32f1xx_hal_flash.o(i.FLASH_SetErrorCode) for FLASH_SetErrorCode
    stm32f1xx_hal_flash.o(i.HAL_FLASH_IRQHandler) refers to stm32f1xx_hal_flash.o(i.HAL_FLASH_OperationErrorCallback) for HAL_FLASH_OperationErrorCallback
    stm32f1xx_hal_flash.o(i.HAL_FLASH_IRQHandler) refers to stm32f1xx_hal_flash.o(i.FLASH_Program_HalfWord) for FLASH_Program_HalfWord
    stm32f1xx_hal_flash.o(i.HAL_FLASH_IRQHandler) refers to stm32f1xx_hal_flash.o(i.HAL_FLASH_EndOfOperationCallback) for HAL_FLASH_EndOfOperationCallback
    stm32f1xx_hal_flash.o(i.HAL_FLASH_IRQHandler) refers to stm32f1xx_hal_flash_ex.o(i.FLASH_PageErase) for FLASH_PageErase
    stm32f1xx_hal_flash.o(i.HAL_FLASH_IRQHandler) refers to stm32f1xx_hal_flash.o(.bss) for .bss
    stm32f1xx_hal_flash.o(i.HAL_FLASH_OB_Launch) refers to stm32f1xx_hal_cortex.o(i.HAL_NVIC_SystemReset) for HAL_NVIC_SystemReset
    stm32f1xx_hal_flash.o(i.HAL_FLASH_Program) refers to stm32f1xx_hal_flash.o(i.FLASH_WaitForLastOperation) for FLASH_WaitForLastOperation
    stm32f1xx_hal_flash.o(i.HAL_FLASH_Program) refers to llushr.o(.text) for __aeabi_llsr
    stm32f1xx_hal_flash.o(i.HAL_FLASH_Program) refers to stm32f1xx_hal_flash.o(i.FLASH_Program_HalfWord) for FLASH_Program_HalfWord
    stm32f1xx_hal_flash.o(i.HAL_FLASH_Program) refers to stm32f1xx_hal_flash.o(.bss) for .bss
    stm32f1xx_hal_flash.o(i.HAL_FLASH_Program_IT) refers to stm32f1xx_hal_flash.o(i.FLASH_Program_HalfWord) for FLASH_Program_HalfWord
    stm32f1xx_hal_flash.o(i.HAL_FLASH_Program_IT) refers to stm32f1xx_hal_flash.o(.bss) for .bss
    stm32f1xx_hal_rtc.o(i.HAL_RTC_AlarmIRQHandler) refers to stm32f1xx_hal_rtc.o(i.HAL_RTC_AlarmAEventCallback) for HAL_RTC_AlarmAEventCallback
    stm32f1xx_hal_rtc.o(i.HAL_RTC_DeInit) refers to stm32f1xx_hal_rtc.o(i.RTC_EnterInitMode) for RTC_EnterInitMode
    stm32f1xx_hal_rtc.o(i.HAL_RTC_DeInit) refers to stm32f1xx_hal_rtc.o(i.RTC_ExitInitMode) for RTC_ExitInitMode
    stm32f1xx_hal_rtc.o(i.HAL_RTC_DeInit) refers to stm32f1xx_hal_rtc.o(i.HAL_RTC_WaitForSynchro) for HAL_RTC_WaitForSynchro
    stm32f1xx_hal_rtc.o(i.HAL_RTC_DeInit) refers to stm32f1xx_hal_msp.o(i.HAL_RTC_MspDeInit) for HAL_RTC_MspDeInit
    stm32f1xx_hal_rtc.o(i.HAL_RTC_DeactivateAlarm) refers to stm32f1xx_hal_rtc.o(i.RTC_EnterInitMode) for RTC_EnterInitMode
    stm32f1xx_hal_rtc.o(i.HAL_RTC_DeactivateAlarm) refers to stm32f1xx_hal_rtc.o(i.RTC_ExitInitMode) for RTC_ExitInitMode
    stm32f1xx_hal_rtc.o(i.HAL_RTC_GetAlarm) refers to stm32f1xx_hal_rtc.o(i.RTC_ReadAlarmCounter) for RTC_ReadAlarmCounter
[...]
    ../Drivers/STM32F1xx_HAL_Driver/Src/stm32f1xx_hal_pwr.c 0x00000000   Number         0  stm32f1xx_hal_pwr.o ABSOLUTE
    ../Drivers/STM32F1xx_HAL_Driver/Src/stm32f1xx_hal_rcc.c 0x00000000   Number         0  stm32f1xx_hal_rcc.o ABSOLUTE
    ../Drivers/STM32F1xx_HAL_Driver/Src/stm32f1xx_hal_rcc_ex.c 0x00000000   Number         0  stm32f1xx_hal_rcc_ex.o ABSOLUTE
    ../Drivers/STM32F1xx_HAL_Driver/Src/stm32f1xx_hal_rtc.c 0x00000000   Number         0  stm32f1xx_hal_rtc.o ABSOLUTE
    ../Drivers/STM32F1xx_HAL_Driver/Src/stm32f1xx_hal_rtc_ex.c 0x00000000   Number         0  stm32f1xx_hal_rtc_ex.o ABSOLUTE
    ../Drivers/STM32F1xx_HAL_Driver/Src/stm32f1xx_hal_tim.c 0x00000000   Number         0  stm32f1xx_hal_tim.o ABSOLUTE
    ../Drivers/STM32F1xx_HAL_Driver/Src/stm32f1xx_hal_tim_ex.c 0x00000000   Number         0  stm32f1xx_hal_tim_ex.o ABSOLUTE
    ../Middlewares/Third_Party/FreeRTOS/Source/CMSIS_RTOS/cmsis_os.c 0x00000000   Number         0  cmsis_os.o ABSOLUTE
    ../Middlewares/Third_Party/FreeRTOS/Source/croutine.c 0x00000000   Number         0  croutine.o ABSOLUTE
    ../Middlewares/Third_Party/FreeRTOS/Source/event_groups.c 0x00000000   Number         0  event_groups.o ABSOLUTE
    ../Middlewares/Third_Party/FreeRTOS/Source/list.c 0x00000000   Number         0  list.o ABSOLUTE
    ../Middlewares/Third_Party/FreeRTOS/Source/portable/MemMang/heap_4.c 0x00000000   Number         0  heap_4.o ABSOLUTE
    ../Middlewares/Third_Party/FreeRTOS/Source/portable/RVDS/ARM_CM3/port.c 0x00000000   Number         0  port.o ABSOLUTE
    ../Middlewares/Third_Party/FreeRTOS/Source/queue.c 0x00000000   Number         0  queue.o ABSOLUTE
    ../Middlewares/Third_Party/FreeRTOS/Source/tasks.c 0x00000000   Number         0  tasks.o ABSOLUTE
    ../Middlewares/Third_Party/FreeRTOS/Source/timers.c 0x00000000   Number         0  timers.o ABSOLUTE
    ../Src/freertos.c                        0x00000000   Number         0  freertos.o ABSOLUTE
    ../Src/main.c                            0x00000000   Number         0  main.o ABSOLUTE
    ../Src/stm32f1xx_hal_msp.c               0x00000000   Number         0  stm32f1xx_hal_msp.o ABSOLUTE
    ../Src/stm32f1xx_it.c                    0x00000000   Number         0  stm32f1xx_it.o ABSOLUTE
    ../Src/system_stm32f1xx.c                0x00000000   Number         0  system_stm32f1xx.o ABSOLUTE
    ../clib/microlib/ctype/ctype.c           0x00000000   Number         0  ctype_o.o ABSOLUTE
    ../clib/microlib/ctype/ctype.c           0x00000000   Number         0  isalnum_o.o ABSOLUTE
    ../clib/microlib/ctype/ctype.c           0x00000000   Number         0  isalpha_o.o ABSOLUTE
    ../clib/microlib/ctype/ctype.c           0x00000000   Number         0  isblank_o.o ABSOLUTE
    ../clib/microlib/ctype/ctype.c           0x00000000   Number         0  iscntrl_o.o ABSOLUTE
    ../clib/microlib/ctype/ctype.c           0x00000000   Number         0  isdigit_o.o ABSOLUTE
    ../clib/microlib/ctype/ctype.c           0x00000000   Number         0  isgraph_o.o ABSOLUTE
    ../clib/microlib/ctype/ctype.c           0x00000000   Number         0  islower_o.o ABSOLUTE
    ../clib/microlib/ctype/ctype.c           0x00000000   Number         0  isprint_o.o ABSOLUTE
    ../clib/microlib/ctype/ctype.c           0x00000000   Number         0  ispunct_o.o ABSOLUTE
    ../clib/microlib/ctype/ctype.c           0x00000000   Number         0  isspace_o.o ABSOLUTE
    ../clib/microlib/ctype/ctype.c           0x00000000   Number         0  isupper_o.o ABSOLUTE
    ../clib/microlib/ctype/ctype.c           0x00000000   Number         0  isxdigit_o.o ABSOLUTE
    ../clib/microlib/division.c              0x00000000   Number         0  uidiv.o ABSOLUTE
    ../clib/microlib/division.c              0x00000000   Number         0  uldiv.o ABSOLUTE
    ../clib/microlib/errno.c                 0x00000000   Number         0  errno.o ABSOLUTE
    ../clib/microlib/init/entry.s            0x00000000   Number         0  entry10a.o ABSOLUTE
    ../clib/microlib/init/entry.s            0x00000000   Number         0  entry9b.o ABSOLUTE
    ../clib/microlib/init/entry.s            0x00000000   Number         0  entry9a.o ABSOLUTE
    ../clib/microlib/init/entry.s            0x00000000   Number         0  entry.o ABSOLUTE
    ../clib/microlib/init/entry.s            0x00000000   Number         0  entry8b.o ABSOLUTE
    ../clib/microlib/init/entry.s            0x00000000   Number         0  entry8a.o ABSOLUTE
    ../clib/microlib/init/entry.s            0x00000000   Number         0  entry7b.o ABSOLUTE
    ../clib/microlib/init/entry.s            0x00000000   Number         0  entry7a.o ABSOLUTE
    ../clib/microlib/init/entry.s            0x00000000   Number         0  entry5.o ABSOLUTE
    ../clib/microlib/init/entry.s            0x00000000   Number         0  entry2.o ABSOLUTE
    ../clib/microlib/init/entry.s            0x00000000   Number         0  entry11b.o ABSOLUTE
    ../clib/microlib/init/entry.s            0x00000000   Number         0  entry11a.o ABSOLUTE
    ../clib/microlib/init/entry.s            0x00000000   Number         0  entry10b.o ABSOLUTE
    ../clib/microlib/longlong.c              0x00000000   Number         0  llsshr.o ABSOLUTE
    ../clib/microlib/longlong.c              0x00000000   Number         0  llushr.o ABSOLUTE
    ../clib/microlib/longlong.c              0x00000000   Number         0  llshl.o ABSOLUTE
    ../clib/microlib/printf/printf.c         0x00000000   Number         0  printf6.o ABSOLUTE
    ../clib/microlib/printf/printf.c         0x00000000   Number         0  printf7.o ABSOLUTE
    ../clib/microlib/printf/printf.c         0x00000000   Number         0  printf4.o ABSOLUTE
    ../clib/microlib/printf/printf.c         0x00000000   Number         0  printf3.o ABSOLUTE
    ../clib/microlib/printf/printf.c         0x00000000   Number         0  printf1.o ABSOLUTE
    ../clib/microlib/printf/printf.c         0x00000000   Number         0  printf0.o ABSOLUTE
    ../clib/microlib/printf/printf.c         0x00000000   Number         0  printf5.o ABSOLUTE
    ../clib/microlib/printf/printf.c         0x00000000   Number         0  printfa.o ABSOLUTE
    ../clib/microlib/printf/printf.c         0x00000000   Number         0  printf8.o ABSOLUTE
    ../clib/microlib/printf/printf.c         0x00000000   Number         0  printfb.o ABSOLUTE
    ../clib/microlib/printf/printf.c         0x00000000   Number         0  printf2.o ABSOLUTE
    ../clib/microlib/printf/stubs.s          0x00000000   Number         0  stubs.o ABSOLUTE
    ../clib/microlib/stdio/fputc.c           0x00000000   Number         0  fputc.o ABSOLUTE
    ../clib/microlib/stdio/semi.s            0x00000000   Number         0  semi.o ABSOLUTE
    ../clib/microlib/stdio/streams.c         0x00000000   Number         0  stdout.o ABSOLUTE
    ../clib/microlib/string/memcpy.c         0x00000000   Number         0  memcpyb.o ABSOLUTE
    ../clib/microlib/string/memcpy.c         0x00000000   Number         0  memcpya.o ABSOLUTE
    ../clib/microlib/string/memset.c         0x00000000   Number         0  memseta.o ABSOLUTE
    ../clib/microlib/string/strcmp.c         0x00000000   Number         0  strcmp.o ABSOLUTE
    ../clib/microlib/string/strlen.c         0x00000000   Number         0  strlen.o ABSOLUTE
    ../clib/microlib/stubs.s                 0x00000000   Number         0  iusefp.o ABSOLUTE
    ../clib/microlib/stubs.s                 0x00000000   Number         0  iusesemip.o ABSOLUTE
    ../clib/scanf.c                          0x00000000   Number         0  atoi.o ABSOLUTE
    ../clib/scanf.c                          0x00000000   Number         0  _strtoul.o ABSOLUTE
    ../clib/scanf.c                          0x00000000   Number         0  strtol.o ABSOLUTE
    ../clib/scanf.c                          0x00000000   Number         0  _chval.o ABSOLUTE
    ../fplib/microlib/f2d.c                  0x00000000   Number         0  f2d.o ABSOLUTE
    ../fplib/microlib/fpadd.c                0x00000000   Number         0  dadd.o ABSOLUTE
    ../fplib/microlib/fpdiv.c                0x00000000   Number         0  ddiv.o ABSOLUTE
    ../fplib/microlib/fpdiv.c                0x00000000   Number         0  fdiv.o ABSOLUTE
    ../fplib/microlib/fpepilogue.c           0x00000000   Number         0  fepilogue.o ABSOLUTE
    ../fplib/microlib/fpepilogue.c           0x00000000   Number         0  depilogue.o ABSOLUTE
    ../fplib/microlib/fpfix.c                0x00000000   Number         0  dfixul.o ABSOLUTE
    ../fplib/microlib/fpflt.c                0x00000000   Number         0  ffltui.o ABSOLUTE
    ../fplib/microlib/fpmul.c                0x00000000   Number         0  dmul.o ABSOLUTE
    ..\..\ssd1306\arial10.c                  0x00000000   Number         0  arial10.o ABSOLUTE
    ..\..\ssd1306\digital29.c                0x00000000   Number         0  digital29.o ABSOLUTE
    ..\..\ssd1306\ssd1306.c                  0x00000000   Number         0  ssd1306.o ABSOLUTE
    ..\Drivers\STM32F1xx_HAL_Driver\Src\stm32f1xx_hal.c 0x00000000   Number         0  stm32f1xx_hal.o ABSOLUTE
    ..\Drivers\STM32F1xx_HAL_Driver\Src\stm32f1xx_hal_cortex.c 0x00000000   Number         0  stm32f1xx_hal_cortex.o ABSOLUTE
    ..\Drivers\STM32F1xx_HAL_Driver\Src\stm32f1xx_hal_dma.c 0x00000000   Number         0  stm32f1xx_hal_dma.o ABSOLUTE
    ..\Drivers\STM32F1xx_HAL_Driver\Src\stm32f1xx_hal_flash.c 0x00000000   Number         0  stm32f1xx_hal_flash.o ABSOLUTE
    ..\Drivers\STM32F1xx_HAL_Driver\Src\stm32f1xx_hal_flash_ex.c 0x00000000   Number         0  stm32f1xx_hal_flash_ex.o ABSOLUTE
    ..\Drivers\STM32F1xx_HAL_Driver\Src\stm32f1xx_hal_gpio.c 0x00000000   Number         0  stm32f1xx_hal_gpio.o ABSOLUTE
    ..\Drivers\STM32F1xx_HAL_Driver\Src\stm32f1xx_hal_gpio_ex.c 0x00000000   Number         0  stm32f1xx_hal_gpio_ex.o ABSOLUTE
    ..\Drivers\STM32F1xx_HAL_Driver\Src\stm32f1xx_hal_i2c.c 0x00000000   Number         0  stm32f1xx_hal_i2c.o ABSOLUTE
    ..\Drivers\STM32F1xx_HAL_Driver\Src\stm32f1xx_hal_pwr.c 0x00000000   Number         0  stm32f1xx_hal_pwr.o ABSOLUTE
    ..\Drivers\STM32F1xx_HAL_Driver\Src\stm32f1xx_hal_rcc.c 0x00000000   Number         0  stm32f1xx_hal_rcc.o ABSOLUTE
    ..\Drivers\STM32F1xx_HAL_Driver\Src\stm32f1xx_hal_rcc_ex.c 0x00000000   Number         0  stm32f1xx_hal_rcc_ex.o ABSOLUTE
    ..\Drivers\STM32F1xx_HAL_Driver\Src\stm32f1xx_hal_rtc.c 0x00000000   Number         0  stm32f1xx_hal_rtc.o ABSOLUTE
    ..\Drivers\STM32F1xx_HAL_Driver\Src\stm32f1xx_hal_rtc_ex.c 0x00000000   Number         0  stm32f1xx_hal_rtc_ex.o ABSOLUTE
    ..\Drivers\STM32F1xx_HAL_Driver\Src\stm32f1xx_hal_tim.c 0x00000000   Number         0  stm32f1xx_hal_tim.o ABSOLUTE
    ..\Drivers\STM32F1xx_HAL_Driver\Src\stm32f1xx_hal_tim_ex.c 0x00000000   Number         0  stm32f1xx_hal_tim_ex.o ABSOLUTE
    ..\Middlewares\Third_Party\FreeRTOS\Source\CMSIS_RTOS\cmsis_os.c 0x00000000   Number         0  cmsis_os.o ABSOLUTE
    ..\Middlewares\Third_Party\FreeRTOS\Source\portable\RVDS\ARM_CM3\port.c 0x00000000   Number         0  port.o ABSOLUTE
    ..\Src\main.c                            0x00000000   Number         0  main.o ABSOLUTE
    ..\Src\stm32f1xx_hal_msp.c               0x00000000   Number         0  stm32f1xx_hal_msp.o ABSOLUTE
    ..\Src\stm32f1xx_it.c                    0x00000000   Number         0  stm32f1xx_it.o ABSOLUTE
    ..\Src\system_stm32f1xx.c                0x00000000   Number         0  system_stm32f1xx.o ABSOLUTE
    ..\\..\\ssd1306\\arial10.c               0x00000000   Number         0  arial10.o ABSOLUTE
    ..\\..\\ssd1306\\digital29.c             0x00000000   Number         0  digital29.o ABSOLUTE
    ..\\..\\ssd1306\\ssd1306.c               0x00000000   Number         0  ssd1306.o ABSOLUTE
    cdrcmple.s                               0x00000000   Number         0  cdrcmple.o ABSOLUTE
    dc.s                                     0x00000000   Number         0  dc.o ABSOLUTE
    handlers.s                               0x00000000   Number         0  handlers.o ABSOLUTE
    init.s                                   0x00000000   Number         0  init.o ABSOLUTE
    startup_stm32f103xb.s                    0x00000000   Number         0  startup_stm32f103xb.o ABSOLUTE
    RESET                                    0x08000000   Section      236  startup_stm32f103xb.o(RESET)
    .ARM.Collect$$$$00000000                 0x080000ec   Section        0  entry.o(.ARM.Collect$$$$00000000)
    .ARM.Collect$$$$00000001                 0x080000ec   Section        4  entry2.o(.ARM.Collect$$$$00000001)
    .ARM.Collect$$$$00000004                 0x080000f0   Section        4  entry5.o(.ARM.Collect$$$$00000004)
    .ARM.Collect$$$$00000008                 0x080000f4   Section        0  entry7b.o(.ARM.Collect$$$$00000008)
    .ARM.Collect$$$$0000000A                 0x080000f4   Section        0  entry8b.o(.ARM.Collect$$$$0000000A)
    .ARM.Collect$$$$0000000B                 0x080000f4   Section        8  entry9a.o(.ARM.Collect$$$$0000000B)
    .ARM.Collect$$$$0000000D                 0x080000fc   Section        0  entry10a.o(.ARM.Collect$$$$0000000D)
    .ARM.Collect$$$$0000000F                 0x080000fc   Section        0  entry11a.o(.ARM.Collect$$$$0000000F)
    .ARM.Collect$$$$00002712                 0x080000fc   Section        4  entry2.o(.ARM.Collect$$$$00002712)
    __lit__00000000                          0x080000fc   Data           4  entry2.o(.ARM.Collect$$$$00002712)
    .emb_text                                0x08000100   Section      162  port.o(.emb_text)
    .text                                    0x080001a4   Section       36  startup_stm32f103xb.o(.text)
    .text                                    0x080001c8   Section        0  llushr.o(.text)
    .text                                    0x080001e8   Section        0  memcpya.o(.text)
    .text                                    0x0800020c   Section        0  memseta.o(.text)
    .text                                    0x08000230   Section        0  strlen.o(.text)
    .text                                    0x0800023e   Section        0  strcmp.o(.text)
    .text                                    0x0800025a   Section        0  atoi.o(.text)
    .text                                    0x08000274   Section        0  fdiv.o(.text)
    .text                                    0x080002f0   Section        0  ffltui.o(.text)
    .text                                    0x080002fa   Section        0  f2d.o(.text)
    .text                                    0x08000320   Section        0  uidiv.o(.text)
    .text                                    0x0800034c   Section        0  uldiv.o(.text)
    .text                                    0x080003ae   Section        0  strtol.o(.text)
    .text                                    0x0800041e   Section        0  fepilogue.o(.text)
    .text                                    0x0800041e   Section        0  iusefp.o(.text)
    .text                                    0x0800048c   Section        0  dadd.o(.text)
    .text                                    0x080005da   Section        0  dmul.o(.text)
    .text                                    0x080006be   Section        0  ddiv.o(.text)
    .text                                    0x0800079c   Section        0  dfixul.o(.text)
    .text                                    0x080007cc   Section       48  cdrcmple.o(.text)
    .text                                    0x080007fc   Section       36  init.o(.text)
    .text                                    0x08000820   Section        0  llshl.o(.text)
    .text                                    0x0800083e   Section        0  llsshr.o(.text)
    .text                                    0x08000864   Section        0  ctype_o.o(.text)
    .text                                    0x0800086c   Section        0  _strtoul.o(.text)
    .text                                    0x0800090a   Section        0  depilogue.o(.text)
    .text                                    0x080009c4   Section        0  _chval.o(.text)
    i.BusFault_Handler                       0x080009e0   Section        0  stm32f1xx_it.o(i.BusFault_Handler)
    i.DebugMon_Handler                       0x080009e2   Section        0  stm32f1xx_it.o(i.DebugMon_Handler)
    i.EXTI15_10_IRQHandler                   0x080009e4   Section        0  stm32f1xx_it.o(i.EXTI15_10_IRQHandler)
    i.HAL_Delay                              0x080009ec   Section        0  stm32f1xx_hal.o(i.HAL_Delay)
    i.HAL_GPIO_EXTI_Callback                 0x08000a02   Section        0  stm32f1xx_hal_gpio.o(i.HAL_GPIO_EXTI_Callback)
    i.HAL_GPIO_EXTI_IRQHandler               0x08000a04   Section        0  stm32f1xx_hal_gpio.o(i.HAL_GPIO_EXTI_IRQHandler)
    i.HAL_GPIO_Init                          0x08000a1c   Section        0  stm32f1xx_hal_gpio.o(i.HAL_GPIO_Init)
    i.HAL_GPIO_WritePin                      0x08000bd8   Section        0  stm32f1xx_hal_gpio.o(i.HAL_GPIO_WritePin)
    i.HAL_GetTick                            0x08000be4   Section        0  stm32f1xx_hal.o(i.HAL_GetTick)
    i.HAL_I2C_Init                           0x08000bf0   Section        0  stm32f1xx_hal_i2c.o(i.HAL_I2C_Init)
    i.HAL_I2C_IsDeviceReady                  0x08000cd0   Section        0  stm32f1xx_hal_i2c.o(i.HAL_I2C_IsDeviceReady)
    i.HAL_I2C_Master_Receive                 0x08000e14   Section        0  stm32f1xx_hal_i2c.o(i.HAL_I2C_Master_Receive)
    i.HAL_I2C_Master_Transmit                0x08000fe4   Section        0  stm32f1xx_hal_i2c.o(i.HAL_I2C_Master_Transmit)
    i.HAL_I2C_Mem_Write                      0x08001110   Section        0  stm32f1xx_hal_i2c.o(i.HAL_I2C_Mem_Write)
    i.HAL_I2C_MspInit                        0x08001208   Section        0  stm32f1xx_hal_msp.o(i.HAL_I2C_MspInit)
    i.HAL_IncTick                            0x08001284   Section        0  stm32f1xx_hal.o(i.HAL_IncTick)
    i.HAL_Init                               0x08001294   Section        0  stm32f1xx_hal.o(i.HAL_Init)
    i.HAL_InitTick                           0x080012b8   Section        0  stm32f1xx_hal.o(i.HAL_InitTick)
    i.HAL_MspInit                            0x080012dc   Section        0  stm32f1xx_hal_msp.o(i.HAL_MspInit)
    i.HAL_NVIC_EnableIRQ                     0x0800135c   Section        0  stm32f1xx_hal_cortex.o(i.HAL_NVIC_EnableIRQ)
    i.HAL_NVIC_SetPriority                   0x08001374   Section        0  stm32f1xx_hal_cortex.o(i.HAL_NVIC_SetPriority)
    i.HAL_NVIC_SetPriorityGrouping           0x080013b4   Section        0  stm32f1xx_hal_cortex.o(i.HAL_NVIC_SetPriorityGrouping)
    i.HAL_PWR_EnableBkUpAccess               0x080013d8   Section        0  stm32f1xx_hal_pwr.o(i.HAL_PWR_EnableBkUpAccess)
    i.HAL_RCCEx_GetPeriphCLKFreq             0x080013f0   Section        0  stm32f1xx_hal_rcc_ex.o(i.HAL_RCCEx_GetPeriphCLKFreq)
    i.HAL_RCCEx_PeriphCLKConfig              0x080014e0   Section        0  stm32f1xx_hal_rcc_ex.o(i.HAL_RCCEx_PeriphCLKConfig)
    i.HAL_RCC_ClockConfig                    0x0800160c   Section        0  stm32f1xx_hal_rcc.o(i.HAL_RCC_ClockConfig)
    i.HAL_RCC_GetHCLKFreq                    0x08001794   Section        0  stm32f1xx_hal_rcc.o(i.HAL_RCC_GetHCLKFreq)
    i.HAL_RCC_GetPCLK1Freq                   0x080017a0   Section        0  stm32f1xx_hal_rcc.o(i.HAL_RCC_GetPCLK1Freq)
    i.HAL_RCC_GetPCLK2Freq                   0x080017d0   Section        0  stm32f1xx_hal_rcc.o(i.HAL_RCC_GetPCLK2Freq)
    i.HAL_RCC_GetSysClockFreq                0x08001800   Section        0  stm32f1xx_hal_rcc.o(i.HAL_RCC_GetSysClockFreq)
    i.HAL_RCC_OscConfig                      0x08001888   Section        0  stm32f1xx_hal_rcc.o(i.HAL_RCC_OscConfig)
    i.HAL_RTC_GetDate                        0x08001e06   Section        0  stm32f1xx_hal_rtc.o(i.HAL_RTC_GetDate)
    i.HAL_RTC_GetTime                        0x08001e54   Section        0  stm32f1xx_hal_rtc.o(i.HAL_RTC_GetTime)
    i.HAL_RTC_Init                           0x08001f2c   Section        0  stm32f1xx_hal_rtc.o(i.HAL_RTC_Init)
    i.HAL_RTC_MspInit                        0x08001fcc   Section        0  stm32f1xx_hal_msp.o(i.HAL_RTC_MspInit)
    i.HAL_RTC_SetDate                        0x08002010   Section        0  stm32f1xx_hal_rtc.o(i.HAL_RTC_SetDate)
    i.HAL_RTC_SetTime                        0x080020d4   Section        0  stm32f1xx_hal_rtc.o(i.HAL_RTC_SetTime)
    i.HAL_RTC_WaitForSynchro                 0x08002180   Section        0  stm32f1xx_hal_rtc.o(i.HAL_RTC_WaitForSynchro)
    i.HAL_SYSTICK_CLKSourceConfig            0x080021ba   Section        0  stm32f1xx_hal_cortex.o(i.HAL_SYSTICK_CLKSourceConfig)
    i.HAL_SYSTICK_Config                     0x080021d2   Section        0  stm32f1xx_hal_cortex.o(i.HAL_SYSTICK_Config)
    i.HAL_TIMEx_MasterConfigSynchronization  0x080021fa   Section        0  stm32f1xx_hal_tim_ex.o(i.HAL_TIMEx_MasterConfigSynchronization)
    i.HAL_TIM_Encoder_Init                   0x0800224a   Section        0  stm32f1xx_hal_tim.o(i.HAL_TIM_Encoder_Init)
    i.HAL_TIM_Encoder_MspInit                0x080022e0   Section        0  stm32f1xx_hal_msp.o(i.HAL_TIM_Encoder_MspInit)
    i.HAL_TIM_Encoder_Start                  0x08002324   Section        0  stm32f1xx_hal_tim.o(i.HAL_TIM_Encoder_Start)
    i.HardFault_Handler                      0x08002358   Section        0  stm32f1xx_it.o(i.HardFault_Handler)
    i.I2C_IsAcknowledgeFailed                0x0800235a   Section        0  stm32f1xx_hal_i2c.o(i.I2C_IsAcknowledgeFailed)
    I2C_IsAcknowledgeFailed                  0x0800235b   Thumb Code    42  stm32f1xx_hal_i2c.o(i.I2C_IsAcknowledgeFailed)
    i.I2C_MasterRequestRead                  0x08002384   Section        0  stm32f1xx_hal_i2c.o(i.I2C_MasterRequestRead)
    I2C_MasterRequestRead                    0x08002385   Thumb Code   186  stm32f1xx_hal_i2c.o(i.I2C_MasterRequestRead)
    i.I2C_MasterRequestWrite                 0x08002440   Section        0  stm32f1xx_hal_i2c.o(i.I2C_MasterRequestWrite)
    I2C_MasterRequestWrite                   0x08002441   Thumb Code   112  stm32f1xx_hal_i2c.o(i.I2C_MasterRequestWrite)
    i.I2C_RequestMemoryWrite                 0x080024b4   Section        0  stm32f1xx_hal_i2c.o(i.I2C_RequestMemoryWrite)
    I2C_RequestMemoryWrite                   0x080024b5   Thumb Code   146  stm32f1xx_hal_i2c.o(i.I2C_RequestMemoryWrite)
    i.I2C_WaitOnFlagUntilTimeout             0x0800254c   Section        0  stm32f1xx_hal_i2c.o(i.I2C_WaitOnFlagUntilTimeout)
    I2C_WaitOnFlagUntilTimeout               0x0800254d   Thumb Code   138  stm32f1xx_hal_i2c.o(i.I2C_WaitOnFlagUntilTimeout)
    i.I2C_WaitOnMasterAddressFlagUntilTimeout 0x080025d6   Section        0  stm32f1xx_hal_i2c.o(i.I2C_WaitOnMasterAddressFlagUntilTimeout)
    I2C_WaitOnMasterAddressFlagUntilTimeout  0x080025d7   Thumb Code   136  stm32f1xx_hal_i2c.o(i.I2C_WaitOnMasterAddressFlagUntilTimeout)
    i.I2C_WaitOnRXNEFlagUntilTimeout         0x0800265e   Section        0  stm32f1xx_hal_i2c.o(i.I2C_WaitOnRXNEFlagUntilTimeout)
    I2C_WaitOnRXNEFlagUntilTimeout           0x0800265f   Thumb Code   102  stm32f1xx_hal_i2c.o(i.I2C_WaitOnRXNEFlagUntilTimeout)
    i.I2C_WaitOnTXEFlagUntilTimeout          0x080026c4   Section        0  stm32f1xx_hal_i2c.o(i.I2C_WaitOnTXEFlagUntilTimeout)
    I2C_WaitOnTXEFlagUntilTimeout            0x080026c5   Thumb Code    80  stm32f1xx_hal_i2c.o(i.I2C_WaitOnTXEFlagUntilTimeout)
    i.MX_GPIO_Init                           0x08002714   Section        0  main.o(i.MX_GPIO_Init)
    MX_GPIO_Init                             0x08002715   Thumb Code   168  main.o(i.MX_GPIO_Init)
    i.MX_RTC_Init                            0x080027d0   Section        0  main.o(i.MX_RTC_Init)
    MX_RTC_Init                              0x080027d1   Thumb Code    94  main.o(i.MX_RTC_Init)
    i.MX_TIM1_Init                           0x08002838   Section        0  main.o(i.MX_TIM1_Init)
    MX_TIM1_Init                             0x08002839   Thumb Code    90  main.o(i.MX_TIM1_Init)
    i.MemManage_Handler                      0x0800289c   Section        0  stm32f1xx_it.o(i.MemManage_Handler)
    i.NMI_Handler                            0x0800289e   Section        0  stm32f1xx_it.o(i.NMI_Handler)
    i.NVIC_SetPriority                       0x080028a0   Section        0  stm32f1xx_hal_cortex.o(i.NVIC_SetPriority)
    NVIC_SetPriority                         0x080028a1   Thumb Code    32  stm32f1xx_hal_cortex.o(i.NVIC_SetPriority)
    i.RTC_Bcd2ToByte                         0x080028c0   Section        0  stm32f1xx_hal_rtc.o(i.RTC_Bcd2ToByte)
    RTC_Bcd2ToByte                           0x080028c1   Thumb Code    18  stm32f1xx_hal_rtc.o(i.RTC_Bcd2ToByte)
    i.RTC_ByteToBcd2                         0x080028d2   Section        0  stm32f1xx_hal_rtc.o(i.RTC_ByteToBcd2)
    RTC_ByteToBcd2                           0x080028d3   Thumb Code    22  stm32f1xx_hal_rtc.o(i.RTC_ByteToBcd2)
    i.RTC_DateUpdate                         0x080028e8   Section        0  stm32f1xx_hal_rtc.o(i.RTC_DateUpdate)
    RTC_DateUpdate                           0x080028e9   Thumb Code   174  stm32f1xx_hal_rtc.o(i.RTC_DateUpdate)
    i.RTC_EnterInitMode                      0x08002996   Section        0  stm32f1xx_hal_rtc.o(i.RTC_EnterInitMode)
    RTC_EnterInitMode                        0x08002997   Thumb Code    52  stm32f1xx_hal_rtc.o(i.RTC_EnterInitMode)
    i.RTC_ExitInitMode                       0x080029cc   Section        0  stm32f1xx_hal_rtc.o(i.RTC_ExitInitMode)
    RTC_ExitInitMode                         0x080029cd   Thumb Code    54  stm32f1xx_hal_rtc.o(i.RTC_ExitInitMode)
    i.RTC_ReadAlarmCounter                   0x08002a02   Section        0  stm32f1xx_hal_rtc.o(i.RTC_ReadAlarmCounter)
    RTC_ReadAlarmCounter                     0x08002a03   Thumb Code    14  stm32f1xx_hal_rtc.o(i.RTC_ReadAlarmCounter)
    i.RTC_ReadTimeCounter                    0x08002a10   Section        0  stm32f1xx_hal_rtc.o(i.RTC_ReadTimeCounter)
    RTC_ReadTimeCounter                      0x08002a11   Thumb Code    32  stm32f1xx_hal_rtc.o(i.RTC_ReadTimeCounter)
    i.RTC_WeekDayNum                         0x08002a30   Section        0  stm32f1xx_hal_rtc.o(i.RTC_WeekDayNum)
    RTC_WeekDayNum                           0x08002a31   Thumb Code    86  stm32f1xx_hal_rtc.o(i.RTC_WeekDayNum)
    i.RTC_WriteAlarmCounter                  0x08002a86   Section        0  stm32f1xx_hal_rtc.o(i.RTC_WriteAlarmCounter)
    RTC_WriteAlarmCounter                    0x08002a87   Thumb Code    40  stm32f1xx_hal_rtc.o(i.RTC_WriteAlarmCounter)
    i.RTC_WriteTimeCounter                   0x08002aae   Section        0  stm32f1xx_hal_rtc.o(i.RTC_WriteTimeCounter)
    RTC_WriteTimeCounter                     0x08002aaf   Thumb Code    40  stm32f1xx_hal_rtc.o(i.RTC_WriteTimeCounter)
    i.StartDefaultTask                       0x08002ad8   Section        0  main.o(i.StartDefaultTask)
    i.StartTaskEnc                           0x08002c08   Section        0  main.o(i.StartTaskEnc)
    i.StartTaskScrRefresh                    0x08002c60   Section        0  main.o(i.StartTaskScrRefresh)
    i.StartTaskSi7021                        0x08002c6c   Section        0  main.o(i.StartTaskSi7021)
    i.SysTick_Handler                        0x08002e44   Section        0  stm32f1xx_it.o(i.SysTick_Handler)
    i.SystemClock_Config                     0x08002e52   Section        0  main.o(i.SystemClock_Config)
    i.SystemInit                             0x08002ed4   Section        0  system_stm32f1xx.o(i.SystemInit)
    i.TIM_Base_SetConfig                     0x08002f1c   Section        0  stm32f1xx_hal_tim.o(i.TIM_Base_SetConfig)
    i.TIM_CCxChannelCmd                      0x08002f80   Section        0  stm32f1xx_hal_tim.o(i.TIM_CCxChannelCmd)
    i.UsageFault_Handler                     0x08002f96   Section        0  stm32f1xx_it.o(i.UsageFault_Handler)
    i.__0sprintf                             0x08002f98   Section        0  printfa.o(i.__0sprintf)
    i.__aeabi_errno_addr                     0x08002fc0   Section        0  errno.o(i.__aeabi_errno_addr)
    i.__scatterload_copy                     0x08002fc8   Section       14  handlers.o(i.__scatterload_copy)
    i.__scatterload_null                     0x08002fd6   Section        2  handlers.o(i.__scatterload_null)
    i.__scatterload_zeroinit                 0x08002fd8   Section       14  handlers.o(i.__scatterload_zeroinit)
    i._fp_digits                             0x08002fe8   Section        0  printfa.o(i._fp_digits)
    _fp_digits                               0x08002fe9   Thumb Code   334  printfa.o(i._fp_digits)
    i._printf_core                           0x0800314c   Section        0  printfa.o(i._printf_core)
    _printf_core                             0x0800314d   Thumb Code  1744  printfa.o(i._printf_core)
    i._printf_post_padding                   0x08003828   Section        0  printfa.o(i._printf_post_padding)
    _printf_post_padding                     0x08003829   Thumb Code    36  printfa.o(i._printf_post_padding)
    i._printf_pre_padding                    0x0800384c   Section        0  printfa.o(i._printf_pre_padding)
    _printf_pre_padding                      0x0800384d   Thumb Code    46  printfa.o(i._printf_pre_padding)
    i._sputc                                 0x0800387a   Section        0  printfa.o(i._sputc)
    _sputc                                   0x0800387b   Thumb Code    10  printfa.o(i._sputc)
    i.main                                   0x08003884   Section        0  main.o(i.main)
    i.makeFreeRtosPriority                   0x08003a68   Section        0  cmsis_os.o(i.makeFreeRtosPriority)
    makeFreeRtosPriority                     0x08003a69   Thumb Code    12  cmsis_os.o(i.makeFreeRtosPriority)
    i.osKernelStart                          0x08003a74   Section        0  cmsis_os.o(i.osKernelStart)
    i.osSystickHandler                       0x08003a7e   Section        0  cmsis_os.o(i.osSystickHandler)
    i.osThreadCreate                         0x08003a92   Section        0  cmsis_os.o(i.osThreadCreate)
    i.prvAddCurrentTaskToDelayedList         0x08003acc   Section        0  tasks.o(i.prvAddCurrentTaskToDelayedList)
    prvAddCurrentTaskToDelayedList           0x08003acd   Thumb Code    48  tasks.o(i.prvAddCurrentTaskToDelayedList)
    i.prvCheckTasksWaitingTermination        0x08003b00   Section        0  tasks.o(i.prvCheckTasksWaitingTermination)
    prvCheckTasksWaitingTermination          0x08003b01   Thumb Code    76  tasks.o(i.prvCheckTasksWaitingTermination)
    i.prvHeapInit                            0x08003b54   Section        0  heap_4.o(i.prvHeapInit)
    prvHeapInit                              0x08003b55   Thumb Code    64  heap_4.o(i.prvHeapInit)
    i.prvIdleTask                            0x08003b9c   Section        0  tasks.o(i.prvIdleTask)
    prvIdleTask                              0x08003b9d   Thumb Code    20  tasks.o(i.prvIdleTask)
    i.prvInsertBlockIntoFreeList             0x08003bb4   Section        0  heap_4.o(i.prvInsertBlockIntoFreeList)
    prvInsertBlockIntoFreeList               0x08003bb5   Thumb Code    72  heap_4.o(i.prvInsertBlockIntoFreeList)
    i.prvResetNextTaskUnblockTime            0x08003c00   Section        0  tasks.o(i.prvResetNextTaskUnblockTime)
    prvResetNextTaskUnblockTime              0x08003c01   Thumb Code    26  tasks.o(i.prvResetNextTaskUnblockTime)
    i.prvTaskExitError                       0x08003c20   Section        0  port.o(i.prvTaskExitError)
    prvTaskExitError                         0x08003c21   Thumb Code    20  port.o(i.prvTaskExitError)
    i.pvPortMalloc                           0x08003c38   Section        0  heap_4.o(i.pvPortMalloc)
    i.pxPortInitialiseStack                  0x08003cf4   Section        0  port.o(i.pxPortInitialiseStack)
    i.ssd1306ClearScreen                     0x08003d14   Section        0  ssd1306.o(i.ssd1306ClearScreen)
    i.ssd1306DrawChar                        0x08003d24   Section        0  ssd1306.o(i.ssd1306DrawChar)
    i.ssd1306DrawPixel                       0x08003db0   Section        0  ssd1306.o(i.ssd1306DrawPixel)
    i.ssd1306DrawString                      0x08003dd8   Section        0  ssd1306.o(i.ssd1306DrawString)
    i.ssd1306FillArea                        0x08003e30   Section        0  ssd1306.o(i.ssd1306FillArea)
    i.ssd1306InitI2C                         0x08003e7c   Section        0  ssd1306.o(i.ssd1306InitI2C)
    i.ssd1306Refresh                         0x08003f8c   Section        0  ssd1306.o(i.ssd1306Refresh)
    i.ssd1306WriteCommand                    0x08003ff0   Section        0  ssd1306.o(i.ssd1306WriteCommand)
    i.uxListRemove                           0x08004014   Section        0  list.o(i.uxListRemove)
    i.vListInitialise                        0x08004038   Section        0  list.o(i.vListInitialise)
    i.vListInitialiseItem                    0x0800404e   Section        0  list.o(i.vListInitialiseItem)
    i.vListInsert                            0x08004054   Section        0  list.o(i.vListInsert)
    i.vListInsertEnd                         0x08004084   Section        0  list.o(i.vListInsertEnd)
    i.vPortEnterCritical                     0x0800409c   Section        0  port.o(i.vPortEnterCritical)
    i.vPortExitCritical                      0x080040d4   Section        0  port.o(i.vPortExitCritical)
    i.vPortFree                              0x080040f8   Section        0  heap_4.o(i.vPortFree)
    i.vPortSetupTimerInterrupt               0x08004140   Section        0  port.o(i.vPortSetupTimerInterrupt)
    i.vPortYield                             0x08004160   Section        0  port.o(i.vPortYield)
    i.vTaskDelay                             0x08004178   Section        0  tasks.o(i.vTaskDelay)
    i.vTaskStartScheduler                    0x080041c8   Section        0  tasks.o(i.vTaskStartScheduler)
    i.vTaskSuspendAll                        0x0800421c   Section        0  tasks.o(i.vTaskSuspendAll)
    i.vTaskSwitchContext                     0x0800422c   Section        0  tasks.o(i.vTaskSwitchContext)
    i.xPortStartScheduler                    0x08004280   Section        0  port.o(i.xPortStartScheduler)
    i.xPortSysTickHandler                    0x080042f4   Section        0  port.o(i.xPortSysTickHandler)
    i.xTaskGenericCreate                     0x08004318   Section        0  tasks.o(i.xTaskGenericCreate)
    i.xTaskGetSchedulerState                 0x080044a4   Section        0  tasks.o(i.xTaskGetSchedulerState)
    i.xTaskIncrementTick                     0x080044c0   Section        0  tasks.o(i.xTaskIncrementTick)
    i.xTaskResumeAll                         0x08004580   Section        0  tasks.o(i.xTaskResumeAll)
    .constdata                               0x0800462c   Section       16  system_stm32f1xx.o(.constdata)
    .constdata                               0x0800463c   Section        8  system_stm32f1xx.o(.constdata)
    .constdata                               0x08004644   Section       80  main.o(.constdata)
    .constdata                               0x08004694   Section      880  arial10.o(.constdata)
    .constdata                               0x08004a04   Section      570  arial10.o(.constdata)
    .constdata                               0x08004c40   Section       12  arial10.o(.constdata)
    .constdata                               0x08004c4c   Section      692  digital29.o(.constdata)
    .constdata                               0x08004f00   Section       66  digital29.o(.constdata)
    .constdata                               0x08004f44   Section       12  digital29.o(.constdata)
    .constdata                               0x08004f50   Section      129  ctype_o.o(.constdata)
    .constdata                               0x08004fd4   Section        4  ctype_o.o(.constdata)
    table                                    0x08004fd4   Data           4  ctype_o.o(.constdata)
    .conststring                             0x08004fd8   Section      128  main.o(.conststring)
    .data                                    0x20000000   Section        4  stm32f1xx_hal.o(.data)
    uwTick                                   0x20000000   Data           4  stm32f1xx_hal.o(.data)
    .data                                    0x20000004   Section        4  system_stm32f1xx.o(.data)
    .data                                    0x20000008   Section      104  main.o(.data)
    Enc1                                     0x20000008   Data           2  main.o(.data)
    .data                                    0x20000070   Section       24  heap_4.o(.data)
    pxEnd                                    0x20000070   Data           4  heap_4.o(.data)
    xFreeBytesRemaining                      0x20000074   Data           4  heap_4.o(.data)
    xMinimumEverFreeBytesRemaining           0x20000078   Data           4  heap_4.o(.data)
    xBlockAllocatedBit                       0x2000007c   Data           4  heap_4.o(.data)
    xStart                                   0x20000080   Data           8  heap_4.o(.data)
    .data                                    0x20000088   Section       56  tasks.o(.data)
    uxTasksDeleted                           0x2000008c   Data           4  tasks.o(.data)
    uxCurrentNumberOfTasks                   0x20000090   Data           4  tasks.o(.data)
    xTickCount                               0x20000094   Data           4  tasks.o(.data)
    uxTopReadyPriority                       0x20000098   Data           4  tasks.o(.data)
    xSchedulerRunning                        0x2000009c   Data           4  tasks.o(.data)
    uxPendedTicks                            0x200000a0   Data           4  tasks.o(.data)
    xYieldPending                            0x200000a4   Data           4  tasks.o(.data)
    xNumOfOverflows                          0x200000a8   Data           4  tasks.o(.data)
    uxTaskNumber                             0x200000ac   Data           4  tasks.o(.data)
    xNextTaskUnblockTime                     0x200000b0   Data           4  tasks.o(.data)
    uxSchedulerSuspended                     0x200000b4   Data           4  tasks.o(.data)
    pxDelayedTaskList                        0x200000b8   Data           4  tasks.o(.data)
    pxOverflowDelayedTaskList                0x200000bc   Data           4  tasks.o(.data)
    .data                                    0x200000c0   Section       12  port.o(.data)
    ucMaxSysCallPriority                     0x200000c0   Data           1  port.o(.data)
    uxCriticalNesting                        0x200000c4   Data           4  port.o(.data)
    ulMaxPRIGROUPValue                       0x200000c8   Data           4  port.o(.data)
    .data                                    0x200000cc   Section        4  errno.o(.data)
    _errno                                   0x200000cc   Data           4  errno.o(.data)
    .bss                                     0x200000d0   Section      200  main.o(.bss)
    .bss                                     0x20000198   Section     1024  ssd1306.o(.bss)
    buffer                                   0x20000198   Data        1024  ssd1306.o(.bss)
    .bss                                     0x20000598   Section     5000  heap_4.o(.bss)
    ucHeap                                   0x20000598   Data        5000  heap_4.o(.bss)
    .bss                                     0x20001920   Section      240  tasks.o(.bss)
    pxReadyTasksLists                        0x20001920   Data         140  tasks.o(.bss)
    xDelayedTaskList1                        0x200019ac   Data          20  tasks.o(.bss)
    xDelayedTaskList2                        0x200019c0   Data          20  tasks.o(.bss)
    xPendingReadyList                        0x200019d4   Data          20  tasks.o(.bss)
    xTasksWaitingTermination                 0x200019e8   Data          20  tasks.o(.bss)
    xSuspendedTaskList                       0x200019fc   Data          20  tasks.o(.bss)
    STACK                                    0x20001a10   Section     2048  startup_stm32f103xb.o(STACK)

    Global Symbols

    Symbol Name                              Value     Ov Type        Size  Object(Section)

    BuildAttributes$$THM_ISAv4$P$D$K$B$S$PE$A:L22UL41UL21$X:L11$S22US41US21$IEEE1$IW$USESV6$~STKCKD$USESV7$~SHL$OTIME$ROPI$EBA8$MICROLIB$REQ8$PRES8$EABIv2 0x00000000   Number         0  anon$$obj.o ABSOLUTE
    __ARM_use_no_argv                        0x00000000   Number         0  main.o ABSOLUTE
    _printf_a                                0x00000000   Number         0  stubs.o ABSOLUTE
    _printf_c                                0x00000000   Number         0  stubs.o ABSOLUTE
    _printf_charcount                        0x00000000   Number         0  stubs.o ABSOLUTE
    _printf_d                                0x00000000   Number         0  stubs.o ABSOLUTE
    _printf_e                                0x00000000   Number         0  stubs.o ABSOLUTE
    _printf_f                                0x00000000   Number         0  stubs.o ABSOLUTE
    _printf_flags                            0x00000000   Number         0  stubs.o ABSOLUTE
    _printf_fp_dec                           0x00000000   Number         0  stubs.o ABSOLUTE
    _printf_fp_hex                           0x00000000   Number         0  stubs.o ABSOLUTE
    _printf_g                                0x00000000   Number         0  stubs.o ABSOLUTE
    _printf_i                                0x00000000   Number         0  stubs.o ABSOLUTE
    _printf_int_dec                          0x00000000   Number         0  stubs.o ABSOLUTE
    _printf_l                                0x00000000   Number         0  stubs.o ABSOLUTE
    _printf_lc                               0x00000000   Number         0  stubs.o ABSOLUTE
    _printf_ll                               0x00000000   Number         0  stubs.o ABSOLUTE
    _printf_lld                              0x00000000   Number         0  stubs.o ABSOLUTE
    _printf_lli                              0x00000000   Number         0  stubs.o ABSOLUTE
    _printf_llo                              0x00000000   Number         0  stubs.o ABSOLUTE
    _printf_llu                              0x00000000   Number         0  stubs.o ABSOLUTE
    _printf_llx                              0x00000000   Number         0  stubs.o ABSOLUTE
    _printf_longlong_dec                     0x00000000   Number         0  stubs.o ABSOLUTE
    _printf_longlong_hex                     0x00000000   Number         0  stubs.o ABSOLUTE
    _printf_longlong_oct                     0x00000000   Number         0  stubs.o ABSOLUTE
    _printf_ls                               0x00000000   Number         0  stubs.o ABSOLUTE
    _printf_mbtowc                           0x00000000   Number         0  stubs.o ABSOLUTE
    _printf_n                                0x00000000   Number         0  stubs.o ABSOLUTE
    _printf_o                                0x00000000   Number         0  stubs.o ABSOLUTE
    _printf_p                                0x00000000   Number         0  stubs.o ABSOLUTE
    _printf_percent                          0x00000000   Number         0  stubs.o ABSOLUTE
    _printf_pre_padding                      0x00000000   Number         0  stubs.o ABSOLUTE
    _printf_return_value                     0x00000000   Number         0  stubs.o ABSOLUTE
    _printf_s                                0x00000000   Number         0  stubs.o ABSOLUTE
    _printf_sizespec                         0x00000000   Number         0  stubs.o ABSOLUTE
    _printf_str                              0x00000000   Number         0  stubs.o ABSOLUTE
    _printf_truncate_signed                  0x00000000   Number         0  stubs.o ABSOLUTE
    _printf_truncate_unsigned                0x00000000   Number         0  stubs.o ABSOLUTE
    _printf_u                                0x00000000   Number         0  stubs.o ABSOLUTE
    _printf_wc                               0x00000000   Number         0  stubs.o ABSOLUTE
    _printf_wctomb                           0x00000000   Number         0  stubs.o ABSOLUTE
    _printf_widthprec                        0x00000000   Number         0  stubs.o ABSOLUTE
    _printf_x                                0x00000000   Number         0  stubs.o ABSOLUTE
    __cpp_initialize__aeabi_                  - Undefined Weak Reference
    __cxa_finalize                            - Undefined Weak Reference
    __decompress                              - Undefined Weak Reference
    _clock_init                               - Undefined Weak Reference
    _microlib_exit                            - Undefined Weak Reference
    __Vectors_Size                           0x000000ec   Number         0  startup_stm32f103xb.o ABSOLUTE
    __Vectors                                0x08000000   Data           4  startup_stm32f103xb.o(RESET)
    __Vectors_End                            0x080000ec   Data           0  startup_stm32f103xb.o(RESET)
    __main                                   0x080000ed   Thumb Code     0  entry.o(.ARM.Collect$$$$00000000)
    _main_stk                                0x080000ed   Thumb Code     0  entry2.o(.ARM.Collect$$$$00000001)
    _main_scatterload                        0x080000f1   Thumb Code     0  entry5.o(.ARM.Collect$$$$00000004)
    __main_after_scatterload                 0x080000f5   Thumb Code     0  entry5.o(.ARM.Collect$$$$00000004)
    _main_clock                              0x080000f5   Thumb Code     0  entry7b.o(.ARM.Collect$$$$00000008)
    _main_cpp_init                           0x080000f5   Thumb Code     0  entry8b.o(.ARM.Collect$$$$0000000A)
    _main_init                               0x080000f5   Thumb Code     0  entry9a.o(.ARM.Collect$$$$0000000B)
    __rt_final_cpp                           0x080000fd   Thumb Code     0  entry10a.o(.ARM.Collect$$$$0000000D)
    __rt_final_exit                          0x080000fd   Thumb Code     0  entry11a.o(.ARM.Collect$$$$0000000F)
    SVC_Handler                              0x08000101   Thumb Code    32  port.o(.emb_text)
    __asm___6_port_c_39a90d8d__prvStartFirstTask 0x08000125   Thumb Code    28  port.o(.emb_text)
    PendSV_Handler                           0x08000145   Thumb Code    64  port.o(.emb_text)
    ulPortSetInterruptMask                   0x08000189   Thumb Code    14  port.o(.emb_text)
    vPortClearInterruptMask                  0x08000197   Thumb Code     6  port.o(.emb_text)
    vPortGetIPSR                             0x0800019d   Thumb Code     6  port.o(.emb_text)
    Reset_Handler                            0x080001a5   Thumb Code     8  startup_stm32f103xb.o(.text)
    ADC1_2_IRQHandler                        0x080001bf   Thumb Code     0  startup_stm32f103xb.o(.text)
    CAN1_RX1_IRQHandler                      0x080001bf   Thumb Code     0  startup_stm32f103xb.o(.text)
    CAN1_SCE_IRQHandler                      0x080001bf   Thumb Code     0  startup_stm32f103xb.o(.text)
    DMA1_Channel1_IRQHandler                 0x080001bf   Thumb Code     0  startup_stm32f103xb.o(.text)
    DMA1_Channel2_IRQHandler                 0x080001bf   Thumb Code     0  startup_stm32f103xb.o(.text)
    DMA1_Channel3_IRQHandler                 0x080001bf   Thumb Code     0  startup_stm32f103xb.o(.text)
    DMA1_Channel4_IRQHandler                 0x080001bf   Thumb Code     0  startup_stm32f103xb.o(.text)
    DMA1_Channel5_IRQHandler                 0x080001bf   Thumb Code     0  startup_stm32f103xb.o(.text)
    DMA1_Channel6_IRQHandler                 0x080001bf   Thumb Code     0  startup_stm32f103xb.o(.text)
    DMA1_Channel7_IRQHandler                 0x080001bf   Thumb Code     0  startup_stm32f103xb.o(.text)
    EXTI0_IRQHandler                         0x080001bf   Thumb Code     0  startup_stm32f103xb.o(.text)
    EXTI1_IRQHandler                         0x080001bf   Thumb Code     0  startup_stm32f103xb.o(.text)
    EXTI2_IRQHandler                         0x080001bf   Thumb Code     0  startup_stm32f103xb.o(.text)
    EXTI3_IRQHandler                         0x080001bf   Thumb Code     0  startup_stm32f103xb.o(.text)
    EXTI4_IRQHandler                         0x080001bf   Thumb Code     0  startup_stm32f103xb.o(.text)
    EXTI9_5_IRQHandler                       0x080001bf   Thumb Code     0  startup_stm32f103xb.o(.text)
    FLASH_IRQHandler                         0x080001bf   Thumb Code     0  startup_stm32f103xb.o(.text)
    I2C1_ER_IRQHandler                       0x080001bf   Thumb Code     0  startup_stm32f103xb.o(.text)
    I2C1_EV_IRQHandler                       0x080001bf   Thumb Code     0  startup_stm32f103xb.o(.text)
    I2C2_ER_IRQHandler                       0x080001bf   Thumb Code     0  startup_stm32f103xb.o(.text)
    I2C2_EV_IRQHandler                       0x080001bf   Thumb Code     0  startup_stm32f103xb.o(.text)
    PVD_IRQHandler                           0x080001bf   Thumb Code     0  startup_stm32f103xb.o(.text)
    RCC_IRQHandler                           0x080001bf   Thumb Code     0  startup_stm32f103xb.o(.text)
    RTC_Alarm_IRQHandler                     0x080001bf   Thumb Code     0  startup_stm32f103xb.o(.text)
    RTC_IRQHandler                           0x080001bf   Thumb Code     0  startup_stm32f103xb.o(.text)
    SPI1_IRQHandler                          0x080001bf   Thumb Code     0  startup_stm32f103xb.o(.text)
    SPI2_IRQHandler                          0x080001bf   Thumb Code     0  startup_stm32f103xb.o(.text)
    TAMPER_IRQHandler                        0x080001bf   Thumb Code     0  startup_stm32f103xb.o(.text)
    TIM1_BRK_IRQHandler                      0x080001bf   Thumb Code     0  startup_stm32f103xb.o(.text)
    TIM1_CC_IRQHandler                       0x080001bf   Thumb Code     0  startup_stm32f103xb.o(.text)
    TIM1_TRG_COM_IRQHandler                  0x080001bf   Thumb Code     0  startup_stm32f103xb.o(.text)
    TIM1_UP_IRQHandler                       0x080001bf   Thumb Code     0  startup_stm32f103xb.o(.text)
    TIM2_IRQHandler                          0x080001bf   Thumb Code     0  startup_stm32f103xb.o(.text)
    TIM3_IRQHandler                          0x080001bf   Thumb Code     0  startup_stm32f103xb.o(.text)
    TIM4_IRQHandler                          0x080001bf   Thumb Code     0  startup_stm32f103xb.o(.text)
    USART1_IRQHandler                        0x080001bf   Thumb Code     0  startup_stm32f103xb.o(.text)
    USART2_IRQHandler                        0x080001bf   Thumb Code     0  startup_stm32f103xb.o(.text)
    USART3_IRQHandler                        0x080001bf   Thumb Code     0  startup_stm32f103xb.o(.text)
    USBWakeUp_IRQHandler                     0x080001bf   Thumb Code     0  startup_stm32f103xb.o(.text)
    USB_HP_CAN1_TX_IRQHandler                0x080001bf   Thumb Code     0  startup_stm32f103xb.o(.text)
    USB_LP_CAN1_RX0_IRQHandler               0x080001bf   Thumb Code     0  startup_stm32f103xb.o(.text)
    WWDG_IRQHandler                          0x080001bf   Thumb Code     0  startup_stm32f103xb.o(.text)
    __aeabi_llsr                             0x080001c9   Thumb Code    32  llushr.o(.text)
    _ll_ushift_r                             0x080001c9   Thumb Code     0  llushr.o(.text)
    __aeabi_memcpy                           0x080001e9   Thumb Code    36  memcpya.o(.text)
    __aeabi_memcpy4                          0x080001e9   Thumb Code     0  memcpya.o(.text)
    __aeabi_memcpy8                          0x080001e9   Thumb Code     0  memcpya.o(.text)
    __aeabi_memset                           0x0800020d   Thumb Code    14  memseta.o(.text)
    __aeabi_memset4                          0x0800020d   Thumb Code     0  memseta.o(.text)
    __aeabi_memset8                          0x0800020d   Thumb Code     0  memseta.o(.text)
    __aeabi_memclr                           0x0800021b   Thumb Code     4  memseta.o(.text)
    __aeabi_memclr4                          0x0800021b   Thumb Code     0  memseta.o(.text)
    __aeabi_memclr8                          0x0800021b   Thumb Code     0  memseta.o(.text)
    _memset$wrapper                          0x0800021f   Thumb Code    18  memseta.o(.text)
    strlen                                   0x08000231   Thumb Code    14  strlen.o(.text)
    strcmp                                   0x0800023f   Thumb Code    28  strcmp.o(.text)
    atoi                                     0x0800025b   Thumb Code    26  atoi.o(.text)
    __aeabi_fdiv                             0x08000275   Thumb Code   124  fdiv.o(.text)
    __aeabi_ui2f                             0x080002f1   Thumb Code    10  ffltui.o(.text)
    __aeabi_f2d                              0x080002fb   Thumb Code    38  f2d.o(.text)
    __aeabi_uidiv                            0x08000321   Thumb Code     0  uidiv.o(.text)
    __aeabi_uidivmod                         0x08000321   Thumb Code    44  uidiv.o(.text)
    __aeabi_uldivmod                         0x0800034d   Thumb Code    98  uldiv.o(.text)
    strtol                                   0x080003af   Thumb Code   112  strtol.o(.text)
    __I$use$fp                               0x0800041f   Thumb Code     0  iusefp.o(.text)
    _float_round                             0x0800041f   Thumb Code    18  fepilogue.o(.text)
    _float_epilogue                          0x08000431   Thumb Code    92  fepilogue.o(.text)
    __aeabi_dadd                             0x0800048d   Thumb Code   322  dadd.o(.text)
    __aeabi_dsub                             0x080005cf   Thumb Code     6  dadd.o(.text)
    __aeabi_drsub                            0x080005d5   Thumb Code     6  dadd.o(.text)
    __aeabi_dmul                             0x080005db   Thumb Code   228  dmul.o(.text)
    __aeabi_ddiv                             0x080006bf   Thumb Code   222  ddiv.o(.text)
    __aeabi_d2ulz                            0x0800079d   Thumb Code    48  dfixul.o(.text)
    __aeabi_cdrcmple                         0x080007cd   Thumb Code    48  cdrcmple.o(.text)
    __scatterload                            0x080007fd   Thumb Code    28  init.o(.text)
    __scatterload_rt2                        0x080007fd   Thumb Code     0  init.o(.text)
    __aeabi_llsl                             0x08000821   Thumb Code    30  llshl.o(.text)
    _ll_shift_l                              0x08000821   Thumb Code     0  llshl.o(.text)
    __aeabi_lasr                             0x0800083f   Thumb Code    36  llsshr.o(.text)
    _ll_sshift_r                             0x0800083f   Thumb Code     0  llsshr.o(.text)
    __rt_ctype_table                         0x08000865   Thumb Code     4  ctype_o.o(.text)
    _strtoul                                 0x0800086d   Thumb Code   158  _strtoul.o(.text)
    _double_round                            0x0800090b   Thumb Code    30  depilogue.o(.text)
    _double_epilogue                         0x08000929   Thumb Code   156  depilogue.o(.text)
    _chval                                   0x080009c5   Thumb Code    28  _chval.o(.text)
    BusFault_Handler                         0x080009e1   Thumb Code     2  stm32f1xx_it.o(i.BusFault_Handler)
    DebugMon_Handler                         0x080009e3   Thumb Code     2  stm32f1xx_it.o(i.DebugMon_Handler)
    EXTI15_10_IRQHandler                     0x080009e5   Thumb Code     8  stm32f1xx_it.o(i.EXTI15_10_IRQHandler)
    HAL_Delay                                0x080009ed   Thumb Code    22  stm32f1xx_hal.o(i.HAL_Delay)
    HAL_GPIO_EXTI_Callback                   0x08000a03   Thumb Code     2  stm32f1xx_hal_gpio.o(i.HAL_GPIO_EXTI_Callback)
    HAL_GPIO_EXTI_IRQHandler                 0x08000a05   Thumb Code    18  stm32f1xx_hal_gpio.o(i.HAL_GPIO_EXTI_IRQHandler)
    HAL_GPIO_Init                            0x08000a1d   Thumb Code   408  stm32f1xx_hal_gpio.o(i.HAL_GPIO_Init)
    HAL_GPIO_WritePin                        0x08000bd9   Thumb Code    10  stm32f1xx_hal_gpio.o(i.HAL_GPIO_WritePin)
    HAL_GetTick                              0x08000be5   Thumb Code     6  stm32f1xx_hal.o(i.HAL_GetTick)
    HAL_I2C_Init                             0x08000bf1   Thumb Code   216  stm32f1xx_hal_i2c.o(i.HAL_I2C_Init)
    HAL_I2C_IsDeviceReady                    0x08000cd1   Thumb Code   320  stm32f1xx_hal_i2c.o(i.HAL_I2C_IsDeviceReady)
    HAL_I2C_Master_Receive                   0x08000e15   Thumb Code   454  stm32f1xx_hal_i2c.o(i.HAL_I2C_Master_Receive)
    HAL_I2C_Master_Transmit                  0x08000fe5   Thumb Code   294  stm32f1xx_hal_i2c.o(i.HAL_I2C_Master_Transmit)
    HAL_I2C_Mem_Write                        0x08001111   Thumb Code   242  stm32f1xx_hal_i2c.o(i.HAL_I2C_Mem_Write)
    HAL_I2C_MspInit                          0x08001209   Thumb Code   102  stm32f1xx_hal_msp.o(i.HAL_I2C_MspInit)
    HAL_IncTick                              0x08001285   Thumb Code    10  stm32f1xx_hal.o(i.HAL_IncTick)
    HAL_Init                                 0x08001295   Thumb Code    32  stm32f1xx_hal.o(i.HAL_Init)
    HAL_InitTick                             0x080012b9   Thumb Code    34  stm32f1xx_hal.o(i.HAL_InitTick)
    HAL_MspInit                              0x080012dd   Thumb Code   118  stm32f1xx_hal_msp.o(i.HAL_MspInit)
    HAL_NVIC_EnableIRQ                       0x0800135d   Thumb Code    22  stm32f1xx_hal_cortex.o(i.HAL_NVIC_EnableIRQ)
    HAL_NVIC_SetPriority                     0x08001375   Thumb Code    60  stm32f1xx_hal_cortex.o(i.HAL_NVIC_SetPriority)
    HAL_NVIC_SetPriorityGrouping             0x080013b5   Thumb Code    26  stm32f1xx_hal_cortex.o(i.HAL_NVIC_SetPriorityGrouping)
    HAL_PWR_EnableBkUpAccess                 0x080013d9   Thumb Code    20  stm32f1xx_hal_pwr.o(i.HAL_PWR_EnableBkUpAccess)
    HAL_RCCEx_GetPeriphCLKFreq               0x080013f1   Thumb Code   208  stm32f1xx_hal_rcc_ex.o(i.HAL_RCCEx_GetPeriphCLKFreq)
    HAL_RCCEx_PeriphCLKConfig                0x080014e1   Thumb Code   288  stm32f1xx_hal_rcc_ex.o(i.HAL_RCCEx_PeriphCLKConfig)
    HAL_RCC_ClockConfig                      0x0800160d   Thumb Code   374  stm32f1xx_hal_rcc.o(i.HAL_RCC_ClockConfig)
    HAL_RCC_GetHCLKFreq                      0x08001795   Thumb Code     6  stm32f1xx_hal_rcc.o(i.HAL_RCC_GetHCLKFreq)
    HAL_RCC_GetPCLK1Freq                     0x080017a1   Thumb Code    34  stm32f1xx_hal_rcc.o(i.HAL_RCC_GetPCLK1Freq)
    HAL_RCC_GetPCLK2Freq                     0x080017d1   Thumb Code    34  stm32f1xx_hal_rcc.o(i.HAL_RCC_GetPCLK2Freq)
    HAL_RCC_GetSysClockFreq                  0x08001801   Thumb Code   102  stm32f1xx_hal_rcc.o(i.HAL_RCC_GetSysClockFreq)
    HAL_RCC_OscConfig                        0x08001889   Thumb Code  1406  stm32f1xx_hal_rcc.o(i.HAL_RCC_OscConfig)
    HAL_RTC_GetDate                          0x08001e07   Thumb Code    78  stm32f1xx_hal_rtc.o(i.HAL_RTC_GetDate)
    HAL_RTC_GetTime                          0x08001e55   Thumb Code   216  stm32f1xx_hal_rtc.o(i.HAL_RTC_GetTime)
    HAL_RTC_Init                             0x08001f2d   Thumb Code   154  stm32f1xx_hal_rtc.o(i.HAL_RTC_Init)
    HAL_RTC_MspInit                          0x08001fcd   Thumb Code    56  stm32f1xx_hal_msp.o(i.HAL_RTC_MspInit)
    HAL_RTC_SetDate                          0x08002011   Thumb Code   192  stm32f1xx_hal_rtc.o(i.HAL_RTC_SetDate)
    HAL_RTC_SetTime                          0x080020d5   Thumb Code   168  stm32f1xx_hal_rtc.o(i.HAL_RTC_SetTime)
    HAL_RTC_WaitForSynchro                   0x08002181   Thumb Code    58  stm32f1xx_hal_rtc.o(i.HAL_RTC_WaitForSynchro)
    HAL_SYSTICK_CLKSourceConfig              0x080021bb   Thumb Code    24  stm32f1xx_hal_cortex.o(i.HAL_SYSTICK_CLKSourceConfig)
    HAL_SYSTICK_Config                       0x080021d3   Thumb Code    40  stm32f1xx_hal_cortex.o(i.HAL_SYSTICK_Config)
    HAL_TIMEx_MasterConfigSynchronization    0x080021fb   Thumb Code    80  stm32f1xx_hal_tim_ex.o(i.HAL_TIMEx_MasterConfigSynchronization)
    HAL_TIM_Encoder_Init                     0x0800224b   Thumb Code   150  stm32f1xx_hal_tim.o(i.HAL_TIM_Encoder_Init)
    HAL_TIM_Encoder_MspInit                  0x080022e1   Thumb Code    54  stm32f1xx_hal_msp.o(i.HAL_TIM_Encoder_MspInit)
    HAL_TIM_Encoder_Start                    0x08002325   Thumb Code    52  stm32f1xx_hal_tim.o(i.HAL_TIM_Encoder_Start)
    HardFault_Handler                        0x08002359   Thumb Code     2  stm32f1xx_it.o(i.HardFault_Handler)
    MemManage_Handler                        0x0800289d   Thumb Code     2  stm32f1xx_it.o(i.MemManage_Handler)
    NMI_Handler                              0x0800289f   Thumb Code     2  stm32f1xx_it.o(i.NMI_Handler)
    StartDefaultTask                         0x08002ad9   Thumb Code   250  main.o(i.StartDefaultTask)
    StartTaskEnc                             0x08002c09   Thumb Code    64  main.o(i.StartTaskEnc)
    StartTaskScrRefresh                      0x08002c61   Thumb Code    12  main.o(i.StartTaskScrRefresh)
    StartTaskSi7021                          0x08002c6d   Thumb Code   396  main.o(i.StartTaskSi7021)
    SysTick_Handler                          0x08002e45   Thumb Code    14  stm32f1xx_it.o(i.SysTick_Handler)
    SystemClock_Config                       0x08002e53   Thumb Code   128  main.o(i.SystemClock_Config)
    SystemInit                               0x08002ed5   Thumb Code    56  system_stm32f1xx.o(i.SystemInit)
    TIM_Base_SetConfig                       0x08002f1d   Thumb Code    86  stm32f1xx_hal_tim.o(i.TIM_Base_SetConfig)
    TIM_CCxChannelCmd                        0x08002f81   Thumb Code    22  stm32f1xx_hal_tim.o(i.TIM_CCxChannelCmd)
    UsageFault_Handler                       0x08002f97   Thumb Code     2  stm32f1xx_it.o(i.UsageFault_Handler)
    __0sprintf                               0x08002f99   Thumb Code    34  printfa.o(i.__0sprintf)
    __1sprintf                               0x08002f99   Thumb Code     0  printfa.o(i.__0sprintf)
    __2sprintf                               0x08002f99   Thumb Code     0  printfa.o(i.__0sprintf)
    __c89sprintf                             0x08002f99   Thumb Code     0  printfa.o(i.__0sprintf)
    sprintf                                  0x08002f99   Thumb Code     0  printfa.o(i.__0sprintf)
    __aeabi_errno_addr                       0x08002fc1   Thumb Code     4  errno.o(i.__aeabi_errno_addr)
    __rt_errno_addr                          0x08002fc1   Thumb Code     0  errno.o(i.__aeabi_errno_addr)
    __scatterload_copy                       0x08002fc9   Thumb Code    14  handlers.o(i.__scatterload_copy)
    __scatterload_null                       0x08002fd7   Thumb Code     2  handlers.o(i.__scatterload_null)
    __scatterload_zeroinit                   0x08002fd9   Thumb Code    14  handlers.o(i.__scatterload_zeroinit)
    main                                     0x08003885   Thumb Code   428  main.o(i.main)
    osKernelStart                            0x08003a75   Thumb Code    10  cmsis_os.o(i.osKernelStart)
    osSystickHandler                         0x08003a7f   Thumb Code    20  cmsis_os.o(i.osSystickHandler)
    osThreadCreate                           0x08003a93   Thumb Code    56  cmsis_os.o(i.osThreadCreate)
    pvPortMalloc                             0x08003c39   Thumb Code   182  heap_4.o(i.pvPortMalloc)
    pxPortInitialiseStack                    0x08003cf5   Thumb Code    28  port.o(i.pxPortInitialiseStack)
    ssd1306ClearScreen                       0x08003d15   Thumb Code    10  ssd1306.o(i.ssd1306ClearScreen)
    ssd1306DrawChar                          0x08003d25   Thumb Code   140  ssd1306.o(i.ssd1306DrawChar)
    ssd1306DrawPixel                         0x08003db1   Thumb Code    34  ssd1306.o(i.ssd1306DrawPixel)
    ssd1306DrawString                        0x08003dd9   Thumb Code    88  ssd1306.o(i.ssd1306DrawString)
    ssd1306FillArea                          0x08003e31   Thumb Code    72  ssd1306.o(i.ssd1306FillArea)
    ssd1306InitI2C                           0x08003e7d   Thumb Code   264  ssd1306.o(i.ssd1306InitI2C)
    ssd1306Refresh                           0x08003f8d   Thumb Code    90  ssd1306.o(i.ssd1306Refresh)
    ssd1306WriteCommand                      0x08003ff1   Thumb Code    32  ssd1306.o(i.ssd1306WriteCommand)
    uxListRemove                             0x08004015   Thumb Code    36  list.o(i.uxListRemove)
    vListInitialise                          0x08004039   Thumb Code    22  list.o(i.vListInitialise)
    vListInitialiseItem                      0x0800404f   Thumb Code     6  list.o(i.vListInitialiseItem)
    vListInsert                              0x08004055   Thumb Code    48  list.o(i.vListInsert)
    vListInsertEnd                           0x08004085   Thumb Code    24  list.o(i.vListInsertEnd)
    vPortEnterCritical                       0x0800409d   Thumb Code    46  port.o(i.vPortEnterCritical)
    vPortExitCritical                        0x080040d5   Thumb Code    30  port.o(i.vPortExitCritical)
    vPortFree                                0x080040f9   Thumb Code    68  heap_4.o(i.vPortFree)
    vPortSetupTimerInterrupt                 0x08004141   Thumb Code    26  port.o(i.vPortSetupTimerInterrupt)
    vPortYield                               0x08004161   Thumb Code    18  port.o(i.vPortYield)
    vTaskDelay                               0x08004179   Thumb Code    76  tasks.o(i.vTaskDelay)
    vTaskStartScheduler                      0x080041c9   Thumb Code    66  tasks.o(i.vTaskStartScheduler)
    vTaskSuspendAll                          0x0800421d   Thumb Code    10  tasks.o(i.vTaskSuspendAll)
    vTaskSwitchContext                       0x0800422d   Thumb Code    74  tasks.o(i.vTaskSwitchContext)
    xPortStartScheduler                      0x08004281   Thumb Code   102  port.o(i.xPortStartScheduler)
    xPortSysTickHandler                      0x080042f5   Thumb Code    30  port.o(i.xPortSysTickHandler)
    xTaskGenericCreate                       0x08004319   Thumb Code   388  tasks.o(i.xTaskGenericCreate)
    xTaskGetSchedulerState                   0x080044a5   Thumb Code    22  tasks.o(i.xTaskGetSchedulerState)
    xTaskIncrementTick                       0x080044c1   Thumb Code   184  tasks.o(i.xTaskIncrementTick)
    xTaskResumeAll                           0x08004581   Thumb Code   162  tasks.o(i.xTaskResumeAll)
    AHBPrescTable                            0x0800462c   Data          16  system_stm32f1xx.o(.constdata)
    APBPrescTable                            0x0800463c   Data           8  system_stm32f1xx.o(.constdata)
    arial_8ptBitmaps                         0x08004694   Data         880  arial10.o(.constdata)
    arial_8ptDescriptors                     0x08004a04   Data         570  arial10.o(.constdata)
    arial_8ptFontInfo                        0x08004c40   Data          12  arial10.o(.constdata)
    digital7Mono_34ptBitmaps                 0x08004c4c   Data         692  digital29.o(.constdata)
    digital7Mono_34ptDescriptors             0x08004f00   Data          66  digital29.o(.constdata)
    digital7Mono_34ptFontInfo                0x08004f44   Data          12  digital29.o(.constdata)
    __ctype_table                            0x08004f50   Data         129  ctype_o.o(.constdata)
    Region$$Table$$Base                      0x08005058   Number         0  anon$$obj.o(Region$$Table)
    Region$$Table$$Limit                     0x08005078   Number         0  anon$$obj.o(Region$$Table)
    SystemCoreClock                          0x20000004   Data           4  system_stm32f1xx.o(.data)
    Time                                     0x2000000a   Data           3  main.o(.data)
    defaultTaskHandle                        0x20000010   Data           4  main.o(.data)
    TaskScrRefreshHandle                     0x20000014   Data           4  main.o(.data)
    TaskSi7021Handle                         0x20000018   Data           4  main.o(.data)
    myTaskEncHandle                          0x2000001c   Data           4  main.o(.data)
    Date                                     0x20000020   Data           4  main.o(.data)
    day                                      0x20000024   Data          28  main.o(.data)
    months                                   0x20000040   Data          48  main.o(.data)
    pxCurrentTCB                             0x20000088   Data           4  tasks.o(.data)
    hi2c1                                    0x200000d0   Data          60  main.o(.bss)
    hi2c2                                    0x2000010c   Data          60  main.o(.bss)
    hrtc                                     0x20000148   Data          20  main.o(.bss)
    htim1                                    0x2000015c   Data          60  main.o(.bss)
    __initial_sp                             0x20002210   Data           0  startup_stm32f103xb.o(STACK)



==============================================================================

Memory Map of the image

  Image Entry point : 0x080000ed

  Load Region LR_IROM1 (Base: 0x08000000, Size: 0x00005148, Max: 0x00010000, ABSOLUTE)

    Execution Region ER_IROM1 (Base: 0x08000000, Size: 0x00005078, Max: 0x00010000, ABSOLUTE)

    Base Addr    Size         Type   Attr      Idx    E Section Name        Object

    0x08000000   0x000000ec   Data   RO         2952    RESET               startup_stm32f103xb.o
    0x080000ec   0x00000000   Code   RO         3966  * .ARM.Collect$$$$00000000  mc_w.l(entry.o)
    0x080000ec   0x00000004   Code   RO         4250    .ARM.Collect$$$$00000001  mc_w.l(entry2.o)
    0x080000f0   0x00000004   Code   RO         4253    .ARM.Collect$$$$00000004  mc_w.l(entry5.o)
    0x080000f4   0x00000000   Code   RO         4255    .ARM.Collect$$$$00000008  mc_w.l(entry7b.o)
    0x080000f4   0x00000000   Code   RO         4257    .ARM.Collect$$$$0000000A  mc_w.l(entry8b.o)
    0x080000f4   0x00000008   Code   RO         4258    .ARM.Collect$$$$0000000B  mc_w.l(entry9a.o)
    0x080000fc   0x00000000   Code   RO         4260    .ARM.Collect$$$$0000000D  mc_w.l(entry10a.o)
    0x080000fc   0x00000000   Code   RO         4262    .ARM.Collect$$$$0000000F  mc_w.l(entry11a.o)
    0x080000fc   0x00000004   Code   RO         4251    .ARM.Collect$$$$00002712  mc_w.l(entry2.o)
    0x08000100   0x000000a2   Code   RO         3486    .emb_text           port.o
    0x080001a2   0x00000002   PAD
    0x080001a4   0x00000024   Code   RO         2953    .text               startup_stm32f103xb.o
    0x080001c8   0x00000020   Code   RO         3969    .text               mc_w.l(llushr.o)
    0x080001e8   0x00000024   Code   RO         3971    .text               mc_w.l(memcpya.o)
    0x0800020c   0x00000024   Code   RO         3973    .text               mc_w.l(memseta.o)
    0x08000230   0x0000000e   Code   RO         3975    .text               mc_w.l(strlen.o)
    0x0800023e   0x0000001c   Code   RO         3977    .text               mc_w.l(strcmp.o)
    0x0800025a   0x0000001a   Code   RO         4242    .text               mc_w.l(atoi.o)
    0x08000274   0x0000007c   Code   RO         4244    .text               mf_w.l(fdiv.o)
    0x080002f0   0x0000000a   Code   RO         4246    .text               mf_w.l(ffltui.o)
    0x080002fa   0x00000026   Code   RO         4248    .text               mf_w.l(f2d.o)
    0x08000320   0x0000002c   Code   RO         4267    .text               mc_w.l(uidiv.o)
    0x0800034c   0x00000062   Code   RO         4269    .text               mc_w.l(uldiv.o)
    0x080003ae   0x00000070   Code   RO         4278    .text               mc_w.l(strtol.o)
    0x0800041e   0x00000000   Code   RO         4280    .text               mc_w.l(iusefp.o)
    0x0800041e   0x0000006e   Code   RO         4281    .text               mf_w.l(fepilogue.o)
    0x0800048c   0x0000014e   Code   RO         4283    .text               mf_w.l(dadd.o)
    0x080005da   0x000000e4   Code   RO         4285    .text               mf_w.l(dmul.o)
    0x080006be   0x000000de   Code   RO         4287    .text               mf_w.l(ddiv.o)
    0x0800079c   0x00000030   Code   RO         4289    .text               mf_w.l(dfixul.o)
    0x080007cc   0x00000030   Code   RO         4291    .text               mf_w.l(cdrcmple.o)
    0x080007fc   0x00000024   Code   RO         4293    .text               mc_w.l(init.o)
    0x08000820   0x0000001e   Code   RO         4296    .text               mc_w.l(llshl.o)
    0x0800083e   0x00000024   Code   RO         4298    .text               mc_w.l(llsshr.o)
    0x08000862   0x00000002   PAD
    0x08000864   0x00000008   Code   RO         4300    .text               mc_w.l(ctype_o.o)
    0x0800086c   0x0000009e   Code   RO         4328    .text               mc_w.l(_strtoul.o)
    0x0800090a   0x000000ba   Code   RO         4331    .text               mf_w.l(depilogue.o)
    0x080009c4   0x0000001c   Code   RO         4333    .text               mc_w.l(_chval.o)
    0x080009e0   0x00000002   Code   RO         2685    i.BusFault_Handler  stm32f1xx_it.o
    0x080009e2   0x00000002   Code   RO         2686    i.DebugMon_Handler  stm32f1xx_it.o
    0x080009e4   0x00000008   Code   RO         2687    i.EXTI15_10_IRQHandler  stm32f1xx_it.o
    0x080009ec   0x00000016   Code   RO          742    i.HAL_Delay         stm32f1xx_hal.o
    0x08000a02   0x00000002   Code   RO         2013    i.HAL_GPIO_EXTI_Callback  stm32f1xx_hal_gpio.o
    0x08000a04   0x00000018   Code   RO         2014    i.HAL_GPIO_EXTI_IRQHandler  stm32f1xx_hal_gpio.o
    0x08000a1c   0x000001bc   Code   RO         2015    i.HAL_GPIO_Init     stm32f1xx_hal_gpio.o
    0x08000bd8   0x0000000a   Code   RO         2019    i.HAL_GPIO_WritePin  stm32f1xx_hal_gpio.o
    0x08000be2   0x00000002   PAD
    0x08000be4   0x0000000c   Code   RO          746    i.HAL_GetTick       stm32f1xx_hal.o
    0x08000bf0   0x000000e0   Code   RO         2084    i.HAL_I2C_Init      stm32f1xx_hal_i2c.o
    0x08000cd0   0x00000144   Code   RO         2085    i.HAL_I2C_IsDeviceReady  stm32f1xx_hal_i2c.o
    0x08000e14   0x000001d0   Code   RO         2088    i.HAL_I2C_Master_Receive  stm32f1xx_hal_i2c.o
    0x08000fe4   0x0000012c   Code   RO         2091    i.HAL_I2C_Master_Transmit  stm32f1xx_hal_i2c.o
    0x08001110   0x000000f8   Code   RO         2099    i.HAL_I2C_Mem_Write  stm32f1xx_hal_i2c.o
    0x08001208   0x0000007c   Code   RO         2626    i.HAL_I2C_MspInit   stm32f1xx_hal_msp.o
    0x08001284   0x00000010   Code   RO          747    i.HAL_IncTick       stm32f1xx_hal.o
    0x08001294   0x00000024   Code   RO          748    i.HAL_Init          stm32f1xx_hal.o
    0x080012b8   0x00000022   Code   RO          749    i.HAL_InitTick      stm32f1xx_hal.o
    0x080012da   0x00000002   PAD
    0x080012dc   0x00000080   Code   RO         2627    i.HAL_MspInit       stm32f1xx_hal_msp.o
    0x0800135c   0x00000016   Code   RO         1587    i.HAL_NVIC_EnableIRQ  stm32f1xx_hal_cortex.o
    0x08001372   0x00000002   PAD
    0x08001374   0x00000040   Code   RO         1593    i.HAL_NVIC_SetPriority  stm32f1xx_hal_cortex.o
    0x080013b4   0x00000024   Code   RO         1594    i.HAL_NVIC_SetPriorityGrouping  stm32f1xx_hal_cortex.o
    0x080013d8   0x00000018   Code   RO          479    i.HAL_PWR_EnableBkUpAccess  stm32f1xx_hal_pwr.o
    0x080013f0   0x000000f0   Code   RO          598    i.HAL_RCCEx_GetPeriphCLKFreq  stm32f1xx_hal_rcc_ex.o
    0x080014e0   0x0000012c   Code   RO          599    i.HAL_RCCEx_PeriphCLKConfig  stm32f1xx_hal_rcc_ex.o
    0x0800160c   0x00000188   Code   RO            5    i.HAL_RCC_ClockConfig  stm32f1xx_hal_rcc.o
    0x08001794   0x0000000c   Code   RO           10    i.HAL_RCC_GetHCLKFreq  stm32f1xx_hal_rcc.o
    0x080017a0   0x00000030   Code   RO           12    i.HAL_RCC_GetPCLK1Freq  stm32f1xx_hal_rcc.o
    0x080017d0   0x00000030   Code   RO           13    i.HAL_RCC_GetPCLK2Freq  stm32f1xx_hal_rcc.o
    0x08001800   0x00000088   Code   RO           14    i.HAL_RCC_GetSysClockFreq  stm32f1xx_hal_rcc.o
    0x08001888   0x0000057e   Code   RO           17    i.HAL_RCC_OscConfig  stm32f1xx_hal_rcc.o
    0x08001e06   0x0000004e   Code   RO          307    i.HAL_RTC_GetDate   stm32f1xx_hal_rtc.o
    0x08001e54   0x000000d8   Code   RO          309    i.HAL_RTC_GetTime   stm32f1xx_hal_rtc.o
    0x08001f2c   0x000000a0   Code   RO          310    i.HAL_RTC_Init      stm32f1xx_hal_rtc.o
    0x08001fcc   0x00000044   Code   RO         2629    i.HAL_RTC_MspInit   stm32f1xx_hal_msp.o
    0x08002010   0x000000c4   Code   RO          316    i.HAL_RTC_SetDate   stm32f1xx_hal_rtc.o
    0x080020d4   0x000000ac   Code   RO          317    i.HAL_RTC_SetTime   stm32f1xx_hal_rtc.o
    0x08002180   0x0000003a   Code   RO          318    i.HAL_RTC_WaitForSynchro  stm32f1xx_hal_rtc.o
    0x080021ba   0x00000018   Code   RO         1596    i.HAL_SYSTICK_CLKSourceConfig  stm32f1xx_hal_cortex.o
    0x080021d2   0x00000028   Code   RO         1598    i.HAL_SYSTICK_Config  stm32f1xx_hal_cortex.o
    0x080021fa   0x00000050   Code   RO         1796    i.HAL_TIMEx_MasterConfigSynchronization  stm32f1xx_hal_tim_ex.o
    0x0800224a   0x00000096   Code   RO          974    i.HAL_TIM_Encoder_Init  stm32f1xx_hal_tim.o
    0x080022e0   0x00000044   Code   RO         2631    i.HAL_TIM_Encoder_MspInit  stm32f1xx_hal_msp.o
    0x08002324   0x00000034   Code   RO          977    i.HAL_TIM_Encoder_Start  stm32f1xx_hal_tim.o
    0x08002358   0x00000002   Code   RO         2688    i.HardFault_Handler  stm32f1xx_it.o
    0x0800235a   0x0000002a   Code   RO         2119    i.I2C_IsAcknowledgeFailed  stm32f1xx_hal_i2c.o
    0x08002384   0x000000ba   Code   RO         2122    i.I2C_MasterRequestRead  stm32f1xx_hal_i2c.o
    0x0800243e   0x00000002   PAD
    0x08002440   0x00000074   Code   RO         2123    i.I2C_MasterRequestWrite  stm32f1xx_hal_i2c.o
    0x080024b4   0x00000098   Code   RO         2125    i.I2C_RequestMemoryWrite  stm32f1xx_hal_i2c.o
    0x0800254c   0x0000008a   Code   RO         2126    i.I2C_WaitOnFlagUntilTimeout  stm32f1xx_hal_i2c.o
    0x080025d6   0x00000088   Code   RO         2127    i.I2C_WaitOnMasterAddressFlagUntilTimeout  stm32f1xx_hal_i2c.o
    0x0800265e   0x00000066   Code   RO         2128    i.I2C_WaitOnRXNEFlagUntilTimeout  stm32f1xx_hal_i2c.o
    0x080026c4   0x00000050   Code   RO         2130    i.I2C_WaitOnTXEFlagUntilTimeout  stm32f1xx_hal_i2c.o
    0x08002714   0x000000bc   Code   RO         2470    i.MX_GPIO_Init      main.o
    0x080027d0   0x00000068   Code   RO         2471    i.MX_RTC_Init       main.o
    0x08002838   0x00000064   Code   RO         2472    i.MX_TIM1_Init      main.o
    0x0800289c   0x00000002   Code   RO         2689    i.MemManage_Handler  stm32f1xx_it.o
    0x0800289e   0x00000002   Code   RO         2690    i.NMI_Handler       stm32f1xx_it.o
    0x080028a0   0x00000020   Code   RO         1600    i.NVIC_SetPriority  stm32f1xx_hal_cortex.o
    0x080028c0   0x00000012   Code   RO          319    i.RTC_Bcd2ToByte    stm32f1xx_hal_rtc.o
    0x080028d2   0x00000016   Code   RO          320    i.RTC_ByteToBcd2    stm32f1xx_hal_rtc.o
    0x080028e8   0x000000ae   Code   RO          321    i.RTC_DateUpdate    stm32f1xx_hal_rtc.o
    0x08002996   0x00000034   Code   RO          322    i.RTC_EnterInitMode  stm32f1xx_hal_rtc.o
    0x080029ca   0x00000002   PAD
    0x080029cc   0x00000036   Code   RO          323    i.RTC_ExitInitMode  stm32f1xx_hal_rtc.o
    0x08002a02   0x0000000e   Code   RO          324    i.RTC_ReadAlarmCounter  stm32f1xx_hal_rtc.o
    0x08002a10   0x00000020   Code   RO          325    i.RTC_ReadTimeCounter  stm32f1xx_hal_rtc.o
    0x08002a30   0x00000056   Code   RO          326    i.RTC_WeekDayNum    stm32f1xx_hal_rtc.o
    0x08002a86   0x00000028   Code   RO          327    i.RTC_WriteAlarmCounter  stm32f1xx_hal_rtc.o
    0x08002aae   0x00000028   Code   RO          328    i.RTC_WriteTimeCounter  stm32f1xx_hal_rtc.o
    0x08002ad6   0x00000002   PAD
    0x08002ad8   0x00000130   Code   RO         2473    i.StartDefaultTask  main.o
    0x08002c08   0x00000058   Code   RO         2474    i.StartTaskEnc      main.o
    0x08002c60   0x0000000c   Code   RO         2475    i.StartTaskScrRefresh  main.o
    0x08002c6c   0x000001d8   Code   RO         2476    i.StartTaskSi7021   main.o
    0x08002e44   0x0000000e   Code   RO         2691    i.SysTick_Handler   stm32f1xx_it.o
    0x08002e52   0x00000080   Code   RO         2477    i.SystemClock_Config  main.o
    0x08002ed2   0x00000002   PAD
    0x08002ed4   0x00000048   Code   RO         2432    i.SystemInit        system_stm32f1xx.o
    0x08002f1c   0x00000064   Code   RO         1040    i.TIM_Base_SetConfig  stm32f1xx_hal_tim.o
    0x08002f80   0x00000016   Code   RO         1041    i.TIM_CCxChannelCmd  stm32f1xx_hal_tim.o
    0x08002f96   0x00000002   Code   RO         2692    i.UsageFault_Handler  stm32f1xx_it.o
    0x08002f98   0x00000028   Code   RO         4216    i.__0sprintf        mc_w.l(printfa.o)
    0x08002fc0   0x00000008   Code   RO         4271    i.__aeabi_errno_addr  mc_w.l(errno.o)
    0x08002fc8   0x0000000e   Code   RO         4337    i.__scatterload_copy  mc_w.l(handlers.o)
    0x08002fd6   0x00000002   Code   RO         4338    i.__scatterload_null  mc_w.l(handlers.o)
    0x08002fd8   0x0000000e   Code   RO         4339    i.__scatterload_zeroinit  mc_w.l(handlers.o)
    0x08002fe6   0x00000002   PAD
    0x08002fe8   0x00000164   Code   RO         4221    i._fp_digits        mc_w.l(printfa.o)
    0x0800314c   0x000006dc   Code   RO         4222    i._printf_core      mc_w.l(printfa.o)
    0x08003828   0x00000024   Code   RO         4223    i._printf_post_padding  mc_w.l(printfa.o)
    0x0800384c   0x0000002e   Code   RO         4224    i._printf_pre_padding  mc_w.l(printfa.o)
    0x0800387a   0x0000000a   Code   RO         4226    i._sputc            mc_w.l(printfa.o)
    0x08003884   0x000001e4   Code   RO         2478    i.main              main.o
    0x08003a68   0x0000000c   Code   RO         3570    i.makeFreeRtosPriority  cmsis_os.o
    0x08003a74   0x0000000a   Code   RO         3574    i.osKernelStart     cmsis_os.o
    0x08003a7e   0x00000014   Code   RO         3603    i.osSystickHandler  cmsis_os.o
    0x08003a92   0x00000038   Code   RO         3604    i.osThreadCreate    cmsis_os.o
    0x08003aca   0x00000002   PAD
    0x08003acc   0x00000034   Code   RO         3051    i.prvAddCurrentTaskToDelayedList  tasks.o
    0x08003b00   0x00000054   Code   RO         3052    i.prvCheckTasksWaitingTermination  tasks.o
    0x08003b54   0x00000048   Code   RO         2957    i.prvHeapInit       heap_4.o
    0x08003b9c   0x00000018   Code   RO         3053    i.prvIdleTask       tasks.o
    0x08003bb4   0x0000004c   Code   RO         2958    i.prvInsertBlockIntoFreeList  heap_4.o
    0x08003c00   0x00000020   Code   RO         3055    i.prvResetNextTaskUnblockTime  tasks.o
    0x08003c20   0x00000018   Code   RO         3487    i.prvTaskExitError  port.o
    0x08003c38   0x000000bc   Code   RO         2959    i.pvPortMalloc      heap_4.o
    0x08003cf4   0x00000020   Code   RO         3488    i.pxPortInitialiseStack  port.o
    0x08003d14   0x00000010   Code   RO         2810    i.ssd1306ClearScreen  ssd1306.o
    0x08003d24   0x0000008c   Code   RO         2811    i.ssd1306DrawChar   ssd1306.o
    0x08003db0   0x00000028   Code   RO         2814    i.ssd1306DrawPixel  ssd1306.o
    0x08003dd8   0x00000058   Code   RO         2815    i.ssd1306DrawString  ssd1306.o
    0x08003e30   0x0000004c   Code   RO         2816    i.ssd1306FillArea   ssd1306.o
    0x08003e7c   0x00000110   Code   RO         2818    i.ssd1306InitI2C    ssd1306.o
    0x08003f8c   0x00000064   Code   RO         2819    i.ssd1306Refresh    ssd1306.o
    0x08003ff0   0x00000024   Code   RO         2903    i.ssd1306WriteCommand  ssd1306.o
    0x08004014   0x00000024   Code   RO         3015    i.uxListRemove      list.o
    0x08004038   0x00000016   Code   RO         3016    i.vListInitialise   list.o
    0x0800404e   0x00000006   Code   RO         3017    i.vListInitialiseItem  list.o
    0x08004054   0x00000030   Code   RO         3018    i.vListInsert       list.o
    0x08004084   0x00000018   Code   RO         3019    i.vListInsertEnd    list.o
    0x0800409c   0x00000038   Code   RO         3490    i.vPortEnterCritical  port.o
    0x080040d4   0x00000024   Code   RO         3491    i.vPortExitCritical  port.o
    0x080040f8   0x00000048   Code   RO         2960    i.vPortFree         heap_4.o
    0x08004140   0x00000020   Code   RO         3492    i.vPortSetupTimerInterrupt  port.o
    0x08004160   0x00000018   Code   RO         3494    i.vPortYield        port.o
    0x08004178   0x00000050   Code   RO         3065    i.vTaskDelay        tasks.o
    0x080041c8   0x00000054   Code   RO         3077    i.vTaskStartScheduler  tasks.o
    0x0800421c   0x00000010   Code   RO         3079    i.vTaskSuspendAll   tasks.o
    0x0800422c   0x00000054   Code   RO         3080    i.vTaskSwitchContext  tasks.o
    0x08004280   0x00000074   Code   RO         3495    i.xPortStartScheduler  port.o
    0x080042f4   0x00000024   Code   RO         3496    i.xPortSysTickHandler  port.o
    0x08004318   0x0000018c   Code   RO         3082    i.xTaskGenericCreate  tasks.o
    0x080044a4   0x0000001c   Code   RO         3086    i.xTaskGetSchedulerState  tasks.o
    0x080044c0   0x000000c0   Code   RO         3089    i.xTaskIncrementTick  tasks.o
    0x08004580   0x000000ac   Code   RO         3095    i.xTaskResumeAll    tasks.o
    0x0800462c   0x00000010   Data   RO         2433    .constdata          system_stm32f1xx.o
    0x0800463c   0x00000008   Data   RO         2434    .constdata          system_stm32f1xx.o
    0x08004644   0x00000050   Data   RO         2480    .constdata          main.o
    0x08004694   0x00000370   Data   RO         2754    .constdata          arial10.o
    0x08004a04   0x0000023a   Data   RO         2755    .constdata          arial10.o
    0x08004c3e   0x00000002   PAD
    0x08004c40   0x0000000c   Data   RO         2756    .constdata          arial10.o
    0x08004c4c   0x000002b4   Data   RO         2783    .constdata          digital29.o
    0x08004f00   0x00000042   Data   RO         2784    .constdata          digital29.o
    0x08004f42   0x00000002   PAD
    0x08004f44   0x0000000c   Data   RO         2785    .constdata          digital29.o
    0x08004f50   0x00000081   Data   RO         4301    .constdata          mc_w.l(ctype_o.o)
    0x08004fd1   0x00000003   PAD
    0x08004fd4   0x00000004   Data   RO         4302    .constdata          mc_w.l(ctype_o.o)
    0x08004fd8   0x00000080   Data   RO         2481    .conststring        main.o
    0x08005058   0x00000020   Data   RO         4335    Region$$Table       anon$$obj.o


    Execution Region RW_IRAM1 (Base: 0x20000000, Size: 0x00002210, Max: 0x00005000, ABSOLUTE)

    Base Addr    Size         Type   Attr      Idx    E Section Name        Object

    0x20000000   0x00000004   Data   RW          754    .data               stm32f1xx_hal.o
    0x20000004   0x00000004   Data   RW         2435    .data               system_stm32f1xx.o
    0x20000008   0x00000068   Data   RW         2482    .data               main.o
    0x20000070   0x00000018   Data   RW         2965    .data               heap_4.o
    0x20000088   0x00000038   Data   RW         3098    .data               tasks.o
    0x200000c0   0x0000000c   Data   RW         3497    .data               port.o
    0x200000cc   0x00000004   Data   RW         4274    .data               mc_w.l(errno.o)
    0x200000d0   0x000000c8   Zero   RW         2479    .bss                main.o
    0x20000198   0x00000400   Zero   RW         2823    .bss                ssd1306.o
    0x20000598   0x00001388   Zero   RW         2964    .bss                heap_4.o
    0x20001920   0x000000f0   Zero   RW         3097    .bss                tasks.o
    0x20001a10   0x00000800   Zero   RW         2950    STACK               startup_stm32f103xb.o


==============================================================================

Image component sizes


      Code (inc. data)   RO Data    RW Data    ZI Data      Debug   Object Name

         0          0       1462          0          0       1102   arial10.o
        98          0          0          0          0       7018   cmsis_os.o
         0          0        770          0          0        646   digital29.o
       408         22          0         24       5000       5475   heap_4.o
       136          0          0          0          0       3162   list.o
      1880        250        208        104        200      28976   main.o
       518         68          0         12          0       7461   port.o
       768         38          0          0       1024       8395   ssd1306.o
        36          8        236          0       2048        732   startup_stm32f103xb.o
       120         16          0          4          0       3338   stm32f1xx_hal.o
       218         14          0          0          0      26085   stm32f1xx_hal_cortex.o
       480         42          0          0          0       3972   stm32f1xx_hal_gpio.o
      2512         44          0          0          0      13522   stm32f1xx_hal_i2c.o
       388         58          0          0          0       2560   stm32f1xx_hal_msp.o
        24          4          0          0          0        475   stm32f1xx_hal_pwr.o
      2042         98          0          0          0     460344   stm32f1xx_hal_rcc.o
       540         44          0          0          0       2361   stm32f1xx_hal_rcc_ex.o
      1412         14          0          0          0      12084   stm32f1xx_hal_rtc.o
       324         14          0          0          0       3904   stm32f1xx_hal_tim.o
        80          0          0          0          0       1196   stm32f1xx_hal_tim_ex.o
        34          0          0          0          0       3126   stm32f1xx_it.o
        72         16         24          4          0       1035   system_stm32f1xx.o
      1244         92          0         56        240      12590   tasks.o

    ----------------------------------------------------------------------
     13352        842       2736        204       8512     609559   Object Totals
         0          0         32          0          0          0   (incl. Generated)
        18          0          4          0          0          0   (incl. Padding)

    ----------------------------------------------------------------------

      Code (inc. data)   RO Data    RW Data    ZI Data      Debug   Library Member Name

        28          0          0          0          0         68   _chval.o
       158          0          0          0          0         92   _strtoul.o
        26          0          0          0          0         80   atoi.o
         8          4        133          0          0         68   ctype_o.o
         0          0          0          0          0          0   entry.o
         0          0          0          0          0          0   entry10a.o
         0          0          0          0          0          0   entry11a.o
         8          4          0          0          0          0   entry2.o
         4          0          0          0          0          0   entry5.o
         0          0          0          0          0          0   entry7b.o
         0          0          0          0          0          0   entry8b.o
         8          4          0          0          0          0   entry9a.o
         8          4          0          4          0         68   errno.o
        30          0          0          0          0          0   handlers.o
        36          8          0          0          0         68   init.o
         0          0          0          0          0          0   iusefp.o
        30          0          0          0          0         68   llshl.o
        36          0          0          0          0         68   llsshr.o
        32          0          0          0          0         68   llushr.o
        36          0          0          0          0         68   memcpya.o
        36          0          0          0          0        108   memseta.o
      2244         86          0          0          0        512   printfa.o
        28          0          0          0          0         76   strcmp.o
        14          0          0          0          0         68   strlen.o
       112          0          0          0          0         88   strtol.o
        44          0          0          0          0         80   uidiv.o
        98          0          0          0          0         92   uldiv.o
        48          0          0          0          0         68   cdrcmple.o
       334          0          0          0          0        148   dadd.o
       222          0          0          0          0        100   ddiv.o
       186          0          0          0          0        176   depilogue.o
        48          0          0          0          0         68   dfixul.o
       228          0          0          0          0         96   dmul.o
        38          0          0          0          0         68   f2d.o
       124          0          0          0          0         88   fdiv.o
       110          0          0          0          0        168   fepilogue.o
        10          0          0          0          0         68   ffltui.o

    ----------------------------------------------------------------------
      4376        110        136          4          0       2788   Library Totals
         4          0          3          0          0          0   (incl. Padding)

    ----------------------------------------------------------------------

      Code (inc. data)   RO Data    RW Data    ZI Data      Debug   Library Name

      3024        110        133          4          0       1740   mc_w.l
      1348          0          0          0          0       1048   mf_w.l

    ----------------------------------------------------------------------
      4376        110        136          4          0       2788   Library Totals

    ----------------------------------------------------------------------

==============================================================================


      Code (inc. data)   RO Data    RW Data    ZI Data      Debug   

     17728        952       2872        208       8512     604751   Grand Totals
     17728        952       2872        208       8512     604751   ELF Image Totals
     17728        952       2872        208          0          0   ROM Totals

==============================================================================

    Total RO  Size (Code + RO Data)                20600 (  20.12kB)
    Total RW  Size (RW Data + ZI Data)              8720 (   8.52kB)
    Total ROM Size (Code + RO Data + RW Data)      20808 (  20.32kB)

==============================================================================

